******************************************************************************
  TMS320C2000 Evaluation Linker PC v5.2.3                      
******************************************************************************
>> Linked Thu Apr 24 18:30:21 2014

OUTPUT FILE NAME:   <./Debug/xc.out>
ENTRY POINT SYMBOL: "_c_int00"  address: 00102501


MEMORY CONFIGURATION

         name            origin    length      used     unused   attr    fill
----------------------  --------  ---------  --------  --------  ----  --------
PAGE 0:
  L03SARAM              00008000   00004000  00000021  00003fdf  RWIX
  SRAM                  00100000   00080000  000027ec  0007d814  RWIX
  FLASH                 00300000   00040000  00000000  00040000  RWIX
  OTP                   00380400   00000400  00000000  00000400  RWIX
  BOOTROM               003fe000   00001fc0  00000000  00001fc0  RWIX

PAGE 1:
  MSARAM                00000000   00000800  00000200  00000600  RWIX
  DEV_EMU               00000880   00000180  000000d0  000000b0  RWIX
  FLASH_REGS            00000a80   00000060  00000008  00000058  RWIX
  CSM                   00000ae0   00000010  00000010  00000000  RWIX
  ADC_MIRROR            00000b00   00000010  00000010  00000000  RWIX
  XINTF                 00000b20   00000020  0000001e  00000002  RWIX
  CPU_TIMER0            00000c00   00000008  00000008  00000000  RWIX
  CPU_TIMER1            00000c08   00000008  00000008  00000000  RWIX
  CPU_TIMER2            00000c10   00000008  00000008  00000000  RWIX
  PIE_CTRL              00000ce0   00000020  0000001a  00000006  RWIX
  PIEVECT               00000d00   00000100  00000100  00000000  RWIX
  DMA                   00001000   00000200  000000e0  00000120  RWIX
  MCBSPA                00005000   00000040  00000025  0000001b  RWIX
  MCBSPB                00005040   00000040  00000025  0000001b  RWIX
  ECANA                 00006000   00000040  00000034  0000000c  RWIX
  ECANA_LAM             00006040   00000040  00000040  00000000  RWIX
  ECANA_MOTS            00006080   00000040  00000040  00000000  RWIX
  ECANA_MOTO            000060c0   00000040  00000040  00000000  RWIX
  ECANA_MBOX            00006100   00000100  00000100  00000000  RWIX
  ECANB                 00006200   00000040  00000034  0000000c  RWIX
  ECANB_LAM             00006240   00000040  00000040  00000000  RWIX
  ECANB_MOTS            00006280   00000040  00000040  00000000  RWIX
  ECANB_MOTO            000062c0   00000040  00000040  00000000  RWIX
  ECANB_MBOX            00006300   00000100  00000100  00000000  RWIX
  EPWM1                 00006800   00000022  00000022  00000000  RWIX
  EPWM2                 00006840   00000022  00000022  00000000  RWIX
  EPWM3                 00006880   00000022  00000022  00000000  RWIX
  EPWM4                 000068c0   00000022  00000022  00000000  RWIX
  EPWM5                 00006900   00000022  00000022  00000000  RWIX
  EPWM6                 00006940   00000022  00000022  00000000  RWIX
  ECAP1                 00006a00   00000020  00000020  00000000  RWIX
  ECAP2                 00006a20   00000020  00000020  00000000  RWIX
  ECAP3                 00006a40   00000020  00000020  00000000  RWIX
  ECAP4                 00006a60   00000020  00000020  00000000  RWIX
  ECAP5                 00006a80   00000020  00000020  00000000  RWIX
  ECAP6                 00006aa0   00000020  00000020  00000000  RWIX
  EQEP1                 00006b00   00000040  00000040  00000000  RWIX
  EQEP2                 00006b40   00000040  00000040  00000000  RWIX
  GPIOCTRL              00006f80   00000040  0000002e  00000012  RWIX
  GPIODAT               00006fc0   00000020  00000020  00000000  RWIX
  GPIOINT               00006fe0   00000020  0000000a  00000016  RWIX
  SYSTEM                00007010   00000020  00000020  00000000  RWIX
  SPIA                  00007040   00000010  00000010  00000000  RWIX
  SCIA                  00007050   00000010  00000010  00000000  RWIX
  XINTRUPT              00007070   00000010  00000010  00000000  RWIX
  ADC                   00007100   00000020  0000001e  00000002  RWIX
  SCIB                  00007750   00000010  00000010  00000000  RWIX
  SCIC                  00007770   00000010  00000010  00000000  RWIX
  I2CA                  00007900   00000040  00000022  0000001e  RWIX
  L47SARAM              0000c000   00003c00  000005f4  0000360c  RWIX
  L7SARAM               0000fc00   00000400  00000000  00000400  RWIX
  CSM_PWL               0033fff8   00000008  00000008  00000000  RWIX
  PARTID                00380090   00000001  00000001  00000000  RWIX


SECTION ALLOCATION MAP

 output                                  attributes/
section   page    origin      length       input sections
--------  ----  ----------  ----------   ----------------
.vers      0    00000000    0000003c     COPY SECTION
                  00000000    0000003c     bioscfg.obj (.vers)

PieVectTableFile 
*          1    00000d00    00000000     DSECT

ramfuncs   0    00008000    0000001f     
                  00008000    0000001b     DSP2833x_SysCtrl.obj (ramfuncs)
                  0000801b    00000004     DSP2833x_usDelay.obj (ramfuncs)

codestart 
*          0    0000801f    00000002     
                  0000801f    00000002     DSP2833x_CodeStartBranch.obj (codestart)

.bss       0    00100000    00000000     UNINITIALIZED

.bios      0    00100000    00000ce1     
                  00100000    0000017d     bios.a28FP : swi.o28FP (.bios)
                  0010017d    0000015e     lnkrtdx.a28FP : rtdx.o28FP (.bios)
                  001002db    00000129     bios.a28FP : hwi_disp_asm.o28FP (.bios)
                  00100404    0000009e                : clk_run.o28FP (.bios)
                  001004a2    0000009c                : rtdx_isr.o28FP (.bios)
                  0010053e    00000097                : prd.o28FP (.bios)
                  001005d5    00000097                : rta.o28FP (.bios)
                  0010066c    00000093                : sem_pend.o28FP (.bios:_SEM_pendEnterKnl)
                  001006ff    00000088                : knl_run.o28FP (.bios:_KNL_run)
                  00100787    00000077                : knl_tick.o28FP (.bios:__KNL_doTick)
                  001007fe    0000006d                : tsk_setu.o28FP (.bios:_TSK_setup)
                  0010086b    00000063                : tsk_exit.o28FP (.bios:_TSK_exit)
                  001008ce    00000063                : sem_dopo.o28FP (.bios:__SEM_dopost)
                  00100931    00000060                : pip.o28FP (.bios)
                  00100991    00000041                : knl_swit.o28FP (.bios)
                  001009d2    00000035                : clk.o28FP (.bios)
                  00100a07    00000034                : sem_post_asm.o28FP (.bios)
                  00100a3b    00000033                : knl_chec.o28FP (.bios)
                  00100a6e    00000032                : idl_cal.o28FP (.bios)
                  00100aa0    00000028                : tsk_stup.o28FP (.bios:_TSK_startup)
                  00100ac8    00000028                : clk_isr.o28FP (.bios)
                  00100af0    00000023                : sem_post.o28FP (.bios:_SEM_postEnterKnl)
                  00100b13    00000022                : knl_ipos.o28FP (.bios:_KNL_ipost)
                  00100b35    00000021                : sys_exit.o28FP (.bios:_SYS_exit)
                  00100b56    00000020                : sts.o28FP (.bios)
                  00100b76    0000001f                : knl_exit.o28FP (.bios:_KNL_enter)
                  00100b95    0000001f                : tsk_stup.o28FP (.bios:_lock)
                  00100bb4    0000001f                : sem_pend_counting.o28FP (.bios)
                  00100bd3    0000001e                : log.o28FP (.bios)
                  00100bf1    0000001c                : lck.o28FP (.bios:_LCK_pend)
                  00100c0d    0000001a                : idl_busy.o28FP (.bios)
                  00100c27    00000016                : knl_post.o28FP (.bios:_KNL_post)
                  00100c3d    00000014                : rta_andn.o28FP (.bios)
                  00100c51    00000012                : fxn.o28FP (.bios)
                  00100c63    00000010                : utl_doab.o28FP (.bios:_UTL_doAbort)
                  00100c73    00000010                : utl_doer.o28FP (.bios:_UTL_doError)
                  00100c83    0000000e                : lck.o28FP (.bios:_LCK_post)
                  00100c91    0000000c                : knl_exit.o28FP (.bios:_KNL_exit)
                  00100c9d    0000000c                : utl_putc.o28FP (.bios:_UTL_doPutc)
                  00100ca9    0000000a                : hwi_c.o28FP (.bios)
                  00100cb3    00000009                : sys_abor.o28FP (.bios:_SYS_abort)
                  00100cbc    00000009                : idl_stub.o28FP (.bios)
                  00100cc5    00000006                : idl.o28FP (.bios)
                  00100ccb    00000005                : knl_tick.o28FP (.bios:_KNL_tick)
                  00100cd0    00000005                : tsk_stup.o28FP (.bios:_unlock)
                  00100cd5    00000005                : log_event.o28FP (.bios)
                  00100cda    00000003                : utl_halt.o28FP (.bios:_UTL_halt)
                  00100cdd    00000003                : gbl_vers.o28FP (.bios)
                  00100ce0    00000001                : fxn_c.o28FP (.bios:_FXN_F_nop)

.data      0    00100000    00000000     UNINITIALIZED

.SRAM$heap 
*          0    00100ce1    00000800     UNINITIALIZED
                  00100ce1    00000800     --HOLE--

.cinit     0    001014e1    0000049f     
                  001014e1    00000276     bioscfg.obj (.cinit)
                  00101757    000000a5     bios.a28FP : biosdata.o28FP (.cinit)
                  001017fc    000000a0                : knl.o28FP (.cinit)
                  0010189c    0000002e                : tsk_stup.o28FP (.cinit)
                  001018ca    0000002c                : tsk.o28FP (.cinit)
                  001018f6    00000019                : rta.o28FP (.cinit)
                  0010190f    00000017     rtdxfp.lib : buffer1.o28FP (.cinit)
                  00101926    0000000f     bios.a28FP : utl_putc.o28FP (.cinit)
                  00101935    0000000b                : knl_tick.o28FP (.cinit)
                  00101940    0000000a                : sys.o28FP (.cinit)
                  0010194a    0000000a     rts2800_fpu32.lib : _lock.obj (.cinit)
                  00101954    0000000a                       : exit.obj (.cinit)
                  0010195e    00000009     lnkrtdx.a28FP : rtdx.o28FP (.cinit)
                  00101967    00000008     rts2800_fpu32.lib : atexit.obj (.cinit)
                  0010196f    00000005     bios.a28FP : idl_busy.o28FP (.cinit)
                  00101974    00000005                : knl_swit.o28FP (.cinit)
                  00101979    00000005     rts2800_fpu32.lib : sinit.obj (.cinit)
                  0010197e    00000002     --HOLE-- [fill = 0]

.rtdx_text 
*          0    00101980    00000312     
                  00101980    000000cd     rtdxfp.lib : buffer1.o28FP (.rtdx_text:_RTDX_write_next)
                  00101a4d    0000009d                : buffer1.o28FP (.rtdx_text:_RTDX_Buffer_WriteCB)
                  00101aea    00000053                : rtdx_mon.o28FP (.rtdx_text:_RTDX_Poll)
                  00101b3d    00000046                : rtdx_mon.o28FP (.rtdx_text:_StartXFer)
                  00101b83    00000042                : buffer1.o28FP (.rtdx_text:_claim)
                  00101bc5    00000037                : rtdx_mon.o28FP (.rtdx_text:_RTDX_Mon_Queue)
                  00101bfc    00000030                : rtdx_mon.o28FP (.rtdx_text:_RTDX_Init_RT_Monitor)
                  00101c2c    00000017                : buffer1.o28FP (.rtdx_text:_RTDX_Buffer_Initialize)
                  00101c43    00000014                : buffer2.o28FP (.rtdx_text:_RTDX_Buffer_ReadCB)
                  00101c57    0000000d                : rtdx_mon.o28FP (.rtdx_text:_RTDX_Final_RT_Monitor)
                  00101c64    0000000c                : buffer1.o28FP (.rtdx_text:_RTDX_Buffer_Size)
                  00101c70    00000009                : rtdx_mon.o28FP (.rtdx_text:_Allow_EmuAccess)
                  00101c79    00000009                : buffer2.o28FP (.rtdx_text:_RTDX_Buffer_Read)
                  00101c82    00000007                : buffer1.o28FP (.rtdx_text:_RTDX_Buffer_Write)
                  00101c89    00000006                : rtdx_mon.o28FP (.rtdx_text:_Wait)
                  00101c8f    00000003                : rtdx_mon.o28FP (.rtdx_text:_Disallow_EmuAccess)

.hwi_disp_sec 
*          0    00101c92    00000301     UNINITIALIZED
                  00101c92    00000301     bios.a28FP : hwi_disp_asm.o28FP (.hwi_disp_sec)

.text      0    00101f93    00000259     
                  00101f93    000000ab     DSP2833x_Xintf.obj (.text)
                  0010203e    00000091     DSP2833x_SysCtrl.obj (.text)
                  001020cf    0000002a     main.obj (.text)
                  001020f9    00000028     DSP2833x_PieCtrl.obj (.text)
                  00102121    00000027     rts2800_fpu32.lib : sinit.obj (.text)
                  00102148    00000026                       : atexit.obj (.text)
                  0010216e    00000021                       : memcpy_ff.obj (.text)
                  0010218f    0000001f     bios.a28FP : tsk_stup.o28FP (.text:_lock2)
                  001021ae    00000019     rts2800_fpu32.lib : exit.obj (.text)
                  001021c7    00000009     rtdxfp.lib : intr_tgt.o28FP (.text:_RTDX_Mask_IER)
                  001021d0    00000009     rts2800_fpu32.lib : _lock.obj (.text)
                  001021d9    00000008     DSP2833x_CodeStartBranch.obj (.text)
                  001021e1    00000006     rtdxfp.lib : intr_tgt.o28FP (.text:_RTDX_Set_IER)
                  001021e7    00000005     bios.a28FP : tsk_stup.o28FP (.text:_unlock2)

.ebss      0    001021ec    00000256     UNINITIALIZED
                  001021ec    00000014     bios.a28FP : sys.o28FP (.ebss)
                  00102200    00000100     rts2800_fpu32.lib : atexit.obj (.ebss)
                  00102300    00000090     bios.a28FP : knl.o28FP (.ebss)
                  00102390    00000028                : tsk_stup.o28FP (.ebss)
                  001023b8    00000008                : knl_tick.o28FP (.ebss)
                  001023c0    00000043     bioscfg.obj (.ebss)
                  00102403    00000001     --HOLE--
                  00102404    00000020     bios.a28FP : tsk.o28FP (.ebss)
                  00102424    00000006                : utl_putc.o28FP (.ebss)
                  0010242a    00000006     rtdxfp.lib : buffer1.o28FP (.ebss)
                  00102430    00000004     bios.a28FP : clk_data.o28FP (.ebss)
                  00102434    00000004     rts2800_fpu32.lib : _lock.obj (.ebss)
                  00102438    00000004                       : exit.obj (.ebss)
                  0010243c    00000002     bios.a28FP : clk_data2.o28FP (.ebss)
                  0010243e    00000002     rts2800_fpu32.lib : sinit.obj (.ebss)
                  00102440    00000002     bios.a28FP : mem_asm.o28FP (.ebss)

.sysinit   0    00102442    0000018e     
                  00102442    000000bf     bioscfg.obj (.sysinit)
                  00102501    0000005e     bios.a28FP : boot.o28FP (.sysinit)
                  0010255f    0000004e                : mem_init.o28FP (.sysinit:_MEM_init)
                  001025ad    00000023                : tsk_init.o28FP (.sysinit:_TSK_init)

.sysdata   0    001025d0    000000c0     UNINITIALIZED
                  001025d0    000000a2     bios.a28FP : biosdata.o28FP (.sysdata)
                  00102672    00000016                : rta.o28FP (.sysdata)
                  00102688    00000006     lnkrtdx.a28FP : rtdx.o28FP (.sysdata)
                  0010268e    00000002     bios.a28FP : idl_busy.o28FP (.sysdata)

.econst    0    00102690    000000ad     
                  00102690    0000004f     bios.a28FP : tsk_stup.o28FP (.econst)
                  001026df    00000001     --HOLE-- [fill = 0]
                  001026e0    00000023                : utl_doab.o28FP (.econst)
                  00102703    00000001     --HOLE-- [fill = 0]
                  00102704    00000022                : utl_doer.o28FP (.econst)
                  00102726    00000012     rtdxfp.lib : rtdx_mon.o28FP (.econst)
                  00102738    00000004                : buffer1.o28FP (.econst)
                  0010273c    00000001     bios.a28FP : tsk.o28FP (.econst)

.gblinit   0    0010273d    00000019     
                  0010273d    00000019     bioscfg.obj (.gblinit)

.printf    0    0010273d    0000003f     COPY SECTION
                  0010273d    0000003f     bioscfg.obj (.printf)

.sys       0    00102756    00000008     UNINITIALIZED
                  00102756    00000008     bioscfg.obj (.sys)

.pinit     0    0010275e    00000006     
                  0010275e    00000002     rtdxfp.lib : buffer1.o28FP (.pinit)
                  00102760    00000002                : rtdx_mon.o28FP (.pinit)
                  00102762    00000002     --HOLE-- [fill = 0]

.args      0    00102764    00000004     
                  00102764    00000004     --HOLE-- [fill = 0]

.trcdata   0    00102768    00000003     
                  00102768    00000003     bioscfg.obj (.trcdata)

.mem       0    0010276b    00000001     UNINITIALIZED
                  0010276b    00000001     bioscfg.obj (.mem)

.LOG_trace$buf 
*          0    00102780    00000080     UNINITIALIZED
                  00102780    00000080     bioscfg.obj (.LOG_trace$buf)

.stack     1    00000000    00000200     UNINITIALIZED
                  00000000    00000200     --HOLE--

DevEmuRegsFile 
*          1    00000880    000000d0     UNINITIALIZED
                  00000880    000000d0     DSP2833x_GlobalVariableDefs.obj (DevEmuRegsFile)

FlashRegsFile 
*          1    00000a80    00000008     UNINITIALIZED
                  00000a80    00000008     DSP2833x_GlobalVariableDefs.obj (FlashRegsFile)

CsmRegsFile 
*          1    00000ae0    00000010     UNINITIALIZED
                  00000ae0    00000010     DSP2833x_GlobalVariableDefs.obj (CsmRegsFile)

AdcMirrorFile 
*          1    00000b00    00000010     UNINITIALIZED
                  00000b00    00000010     DSP2833x_GlobalVariableDefs.obj (AdcMirrorFile)

XintfRegsFile 
*          1    00000b20    0000001e     UNINITIALIZED
                  00000b20    0000001e     DSP2833x_GlobalVariableDefs.obj (XintfRegsFile)

CpuTimer0RegsFile 
*          1    00000c00    00000008     UNINITIALIZED
                  00000c00    00000008     DSP2833x_GlobalVariableDefs.obj (CpuTimer0RegsFile)

CpuTimer1RegsFile 
*          1    00000c08    00000008     UNINITIALIZED
                  00000c08    00000008     DSP2833x_GlobalVariableDefs.obj (CpuTimer1RegsFile)

CpuTimer2RegsFile 
*          1    00000c10    00000008     UNINITIALIZED
                  00000c10    00000008     DSP2833x_GlobalVariableDefs.obj (CpuTimer2RegsFile)

PieCtrlRegsFile 
*          1    00000ce0    0000001a     UNINITIALIZED
                  00000ce0    0000001a     DSP2833x_GlobalVariableDefs.obj (PieCtrlRegsFile)

.hwi_vec   1    00000d00    00000100     
                  00000d00    00000100     bioscfg.obj (.hwi_vec)

DmaRegsFile 
*          1    00001000    000000e0     UNINITIALIZED
                  00001000    000000e0     DSP2833x_GlobalVariableDefs.obj (DmaRegsFile)

McbspaRegsFile 
*          1    00005000    00000025     UNINITIALIZED
                  00005000    00000025     DSP2833x_GlobalVariableDefs.obj (McbspaRegsFile)

McbspbRegsFile 
*          1    00005040    00000025     UNINITIALIZED
                  00005040    00000025     DSP2833x_GlobalVariableDefs.obj (McbspbRegsFile)

ECanaRegsFile 
*          1    00006000    00000034     UNINITIALIZED
                  00006000    00000034     DSP2833x_GlobalVariableDefs.obj (ECanaRegsFile)

ECanaLAMRegsFile 
*          1    00006040    00000040     UNINITIALIZED
                  00006040    00000040     DSP2833x_GlobalVariableDefs.obj (ECanaLAMRegsFile)

ECanaMOTSRegsFile 
*          1    00006080    00000040     UNINITIALIZED
                  00006080    00000040     DSP2833x_GlobalVariableDefs.obj (ECanaMOTSRegsFile)

ECanaMOTORegsFile 
*          1    000060c0    00000040     UNINITIALIZED
                  000060c0    00000040     DSP2833x_GlobalVariableDefs.obj (ECanaMOTORegsFile)

ECanaMboxesFile 
*          1    00006100    00000100     UNINITIALIZED
                  00006100    00000100     DSP2833x_GlobalVariableDefs.obj (ECanaMboxesFile)

ECanbRegsFile 
*          1    00006200    00000034     UNINITIALIZED
                  00006200    00000034     DSP2833x_GlobalVariableDefs.obj (ECanbRegsFile)

ECanbLAMRegsFile 
*          1    00006240    00000040     UNINITIALIZED
                  00006240    00000040     DSP2833x_GlobalVariableDefs.obj (ECanbLAMRegsFile)

ECanbMOTSRegsFile 
*          1    00006280    00000040     UNINITIALIZED
                  00006280    00000040     DSP2833x_GlobalVariableDefs.obj (ECanbMOTSRegsFile)

ECanbMOTORegsFile 
*          1    000062c0    00000040     UNINITIALIZED
                  000062c0    00000040     DSP2833x_GlobalVariableDefs.obj (ECanbMOTORegsFile)

ECanbMboxesFile 
*          1    00006300    00000100     UNINITIALIZED
                  00006300    00000100     DSP2833x_GlobalVariableDefs.obj (ECanbMboxesFile)

EPwm1RegsFile 
*          1    00006800    00000022     UNINITIALIZED
                  00006800    00000022     DSP2833x_GlobalVariableDefs.obj (EPwm1RegsFile)

EPwm2RegsFile 
*          1    00006840    00000022     UNINITIALIZED
                  00006840    00000022     DSP2833x_GlobalVariableDefs.obj (EPwm2RegsFile)

EPwm3RegsFile 
*          1    00006880    00000022     UNINITIALIZED
                  00006880    00000022     DSP2833x_GlobalVariableDefs.obj (EPwm3RegsFile)

EPwm4RegsFile 
*          1    000068c0    00000022     UNINITIALIZED
                  000068c0    00000022     DSP2833x_GlobalVariableDefs.obj (EPwm4RegsFile)

EPwm5RegsFile 
*          1    00006900    00000022     UNINITIALIZED
                  00006900    00000022     DSP2833x_GlobalVariableDefs.obj (EPwm5RegsFile)

EPwm6RegsFile 
*          1    00006940    00000022     UNINITIALIZED
                  00006940    00000022     DSP2833x_GlobalVariableDefs.obj (EPwm6RegsFile)

ECap1RegsFile 
*          1    00006a00    00000020     UNINITIALIZED
                  00006a00    00000020     DSP2833x_GlobalVariableDefs.obj (ECap1RegsFile)

ECap2RegsFile 
*          1    00006a20    00000020     UNINITIALIZED
                  00006a20    00000020     DSP2833x_GlobalVariableDefs.obj (ECap2RegsFile)

ECap3RegsFile 
*          1    00006a40    00000020     UNINITIALIZED
                  00006a40    00000020     DSP2833x_GlobalVariableDefs.obj (ECap3RegsFile)

ECap4RegsFile 
*          1    00006a60    00000020     UNINITIALIZED
                  00006a60    00000020     DSP2833x_GlobalVariableDefs.obj (ECap4RegsFile)

ECap5RegsFile 
*          1    00006a80    00000020     UNINITIALIZED
                  00006a80    00000020     DSP2833x_GlobalVariableDefs.obj (ECap5RegsFile)

ECap6RegsFile 
*          1    00006aa0    00000020     UNINITIALIZED
                  00006aa0    00000020     DSP2833x_GlobalVariableDefs.obj (ECap6RegsFile)

EQep1RegsFile 
*          1    00006b00    00000040     UNINITIALIZED
                  00006b00    00000040     DSP2833x_GlobalVariableDefs.obj (EQep1RegsFile)

EQep2RegsFile 
*          1    00006b40    00000040     UNINITIALIZED
                  00006b40    00000040     DSP2833x_GlobalVariableDefs.obj (EQep2RegsFile)

GpioCtrlRegsFile 
*          1    00006f80    0000002e     UNINITIALIZED
                  00006f80    0000002e     DSP2833x_GlobalVariableDefs.obj (GpioCtrlRegsFile)

GpioDataRegsFile 
*          1    00006fc0    00000020     UNINITIALIZED
                  00006fc0    00000020     DSP2833x_GlobalVariableDefs.obj (GpioDataRegsFile)

GpioIntRegsFile 
*          1    00006fe0    0000000a     UNINITIALIZED
                  00006fe0    0000000a     DSP2833x_GlobalVariableDefs.obj (GpioIntRegsFile)

SysCtrlRegsFile 
*          1    00007010    00000020     UNINITIALIZED
                  00007010    00000020     DSP2833x_GlobalVariableDefs.obj (SysCtrlRegsFile)

SpiaRegsFile 
*          1    00007040    00000010     UNINITIALIZED
                  00007040    00000010     DSP2833x_GlobalVariableDefs.obj (SpiaRegsFile)

SciaRegsFile 
*          1    00007050    00000010     UNINITIALIZED
                  00007050    00000010     DSP2833x_GlobalVariableDefs.obj (SciaRegsFile)

XIntruptRegsFile 
*          1    00007070    00000010     UNINITIALIZED
                  00007070    00000010     DSP2833x_GlobalVariableDefs.obj (XIntruptRegsFile)

AdcRegsFile 
*          1    00007100    0000001e     UNINITIALIZED
                  00007100    0000001e     DSP2833x_GlobalVariableDefs.obj (AdcRegsFile)

ScibRegsFile 
*          1    00007750    00000010     UNINITIALIZED
                  00007750    00000010     DSP2833x_GlobalVariableDefs.obj (ScibRegsFile)

ScicRegsFile 
*          1    00007770    00000010     UNINITIALIZED
                  00007770    00000010     DSP2833x_GlobalVariableDefs.obj (ScicRegsFile)

I2caRegsFile 
*          1    00007900    00000022     UNINITIALIZED
                  00007900    00000022     DSP2833x_GlobalVariableDefs.obj (I2caRegsFile)

.prd       1    0000c000    00000000     UNINITIALIZED

.trace     1    0000c000    00000200     
                  0000c000    00000200     --HOLE-- [fill = 0000]

.rtdx_data 
*          1    0000c200    00000124     UNINITIALIZED
                  0000c200    00000102     bioscfg.obj (.rtdx_data)
                  0000c302    00000010     rtdxfp.lib : buffer1.o28FP (.rtdx_data)
                  0000c312    0000000e                : rtdx_mon.o28FP (.rtdx_data)
                  0000c320    00000004     bios.a28FP : rtdx_data.o28FP (.rtdx_data)

.TSK_idle$stk 
*          1    0000c324    00000100     UNINITIALIZED
                  0000c324    00000100     bioscfg.obj (.TSK_idle$stk)

.sts       1    0000c424    00000018     UNINITIALIZED
                  0000c424    00000018     bioscfg.obj (.sts)

.clk       1    0000c43c    00000004     UNINITIALIZED
                  0000c43c    00000004     bioscfg.obj (.clk)

.pip       1    0000c440    00000080     UNINITIALIZED
                  0000c440    00000080     bioscfg.obj (.pip)

.LOG_system$buf 
*          1    0000c4c0    00000040     UNINITIALIZED
                  0000c4c0    00000040     bioscfg.obj (.LOG_system$buf)

.hst0      1    0000c500    00000040     UNINITIALIZED
                  0000c500    00000040     bioscfg.obj (.hst0)

.sem       1    0000c540    0000002c     UNINITIALIZED
                  0000c540    0000002c     bioscfg.obj (.sem)

.log       1    0000c56c    00000014     UNINITIALIZED
                  0000c56c    00000014     bioscfg.obj (.log)

.tsk       1    0000c580    0000002a     UNINITIALIZED
                  0000c580    0000002a     bioscfg.obj (.tsk)

.hst       1    0000c5ac    0000001e     UNINITIALIZED
                  0000c5ac    0000001e     bioscfg.obj (.hst)

.swi       1    0000c5ca    00000014     UNINITIALIZED
                  0000c5ca    00000014     bioscfg.obj (.swi)

.hst1      1    0000c5e0    00000008     UNINITIALIZED
                  0000c5e0    00000008     bioscfg.obj (.hst1)

.idl       1    0000c5e8    00000008     UNINITIALIZED
                  0000c5e8    00000008     bioscfg.obj (.idl)

.idlcal    1    0000c5f0    00000008     UNINITIALIZED
                  0000c5f0    00000008     bioscfg.obj (.idlcal)

CsmPwlFile 
*          1    0033fff8    00000008     UNINITIALIZED
                  0033fff8    00000008     DSP2833x_GlobalVariableDefs.obj (CsmPwlFile)

PartIdRegsFile 
*          1    00380090    00000001     UNINITIALIZED
                  00380090    00000001     DSP2833x_GlobalVariableDefs.obj (PartIdRegsFile)


GLOBAL SYMBOLS: SORTED ALPHABETICALLY BY Name 

address    name
--------   ----
00100000   .bss
00100000   .data
00101f93   .text
00000014   BIOSDATA_O_CLK_D_COUNTSPMS
0000000e   BIOSDATA_O_CLK_D_DIRTY
00000016   BIOSDATA_O_CLK_D_IDLETIME
00000018   BIOSDATA_O_CLK_D_ISRHOOK
00000010   BIOSDATA_O_CLK_D_PRD
0000001a   BIOSDATA_O_CLK_D_TABBEG
00000012   BIOSDATA_O_CLK_D_TDDR
0000001c   BIOSDATA_O_CLK_D_TIMEFXN
00000006   BIOSDATA_O_CLK_HTIMEDIV
00000008   BIOSDATA_O_CLK_HTIMEMULT
0000000a   BIOSDATA_O_CLK_LTIMEDIV
0000000c   BIOSDATA_O_CLK_LTIMEMULT
0000001e   BIOSDATA_O_CLK_R_TIMH
0000001f   BIOSDATA_O_CLK_R_TIML
00000002   BIOSDATA_O_GBL_CLKIN
00000004   BIOSDATA_O_GBL_FREQ
00000000   BIOSDATA_O_GBL_PROCID
00000020   BIOSDATA_O_HST_D_CHANMASK
00000088   BIOSDATA_O_HWI_D_STKBOTTOMADDR
0000008a   BIOSDATA_O_HWI_D_STKTOPADDR
00000022   BIOSDATA_O_IDL_D_CALBEG
00000024   BIOSDATA_O_IDL_D_CALIBRATE
00000026   BIOSDATA_O_IDL_D_TABBEG
00000028   BIOSDATA_O_LOG_D_SYSTEM
00000090   BIOSDATA_O_MEM_D_FREELIST
00000092   BIOSDATA_O_MEM_D_LOCKADDR
0000008e   BIOSDATA_O_MEM_D_MEMTAB
0000008d   BIOSDATA_O_MEM_D_NUMSEGMENTS
00000094   BIOSDATA_O_MEM_D_UNLOCKADDR
0000002a   BIOSDATA_O_PIP_D_TABBEG
0000002c   BIOSDATA_O_PIP_D_TABLEN
0000002e   BIOSDATA_O_PRD_D_CUR
00000030   BIOSDATA_O_PRD_D_ELAPSED
00000031   BIOSDATA_O_PRD_D_PREVTIM
00000032   BIOSDATA_O_PRD_D_SCALAR
00000034   BIOSDATA_O_PRD_D_SWIHANDLE
00000036   BIOSDATA_O_PRD_D_TABBEG
00000038   BIOSDATA_O_PRD_D_TABLEN
0000003a   BIOSDATA_O_PRD_D_THOOK
0000003c   BIOSDATA_O_PRD_D_TICKH
0000003d   BIOSDATA_O_PRD_D_TICKL
00000046   BIOSDATA_O_SWI_D_CURFXN
00000042   BIOSDATA_O_SWI_D_CURMASK
00000045   BIOSDATA_O_SWI_D_CURMBOX
00000043   BIOSDATA_O_SWI_D_CURSET
00000040   BIOSDATA_O_SWI_D_EXECADDR
00000044   BIOSDATA_O_SWI_D_LOCK
00000048   BIOSDATA_O_SWI_D_RDYBEG
0000004a   BIOSDATA_O_SWI_D_RDYTAB
0000003e   BIOSDATA_O_SWI_D_RUNADDR
00000096   BIOSDATA_O_SYS
00102442   BIOS_init
001024c7   BIOS_start
ffffffff   BOOTROM
00000000   BUF$
00000001   BUF_ENABLED
001021ae   C$$EXIT
001025d0   C28_BIOSDATAOBJ
00000001   CLK$
0000c43c   CLK_A_TABBEG
00000001   CLK_CALDIV
00000001   CLK_CALMULT
0000c350   CLK_COUNTSPMS
00000000   CLK_COUNTSPMSHIGH
001025e6   CLK_D_idletime
001025e8   CLK_D_isrhook
001025ea   CLK_D_tabbeg
001025ec   CLK_D_timefxn
00000000   CLK_FREERUN
001009d2   CLK_F_getfhtime
001009da   CLK_F_gethtime
001009fb   CLK_F_getltime
001009da   CLK_F_getshtime
00100ac8   CLK_F_isr
001009ff   CLK_F_itime
00100404   CLK_F_run
00100404   CLK_HOOKFXN
00000001   CLK_HTIMEDIV
00000003   CLK_HTIMEMULT
0000c350   CLK_HTIMEPERLTIME
00000001   CLK_LTIMEDIV
000249f0   CLK_LTIMEMULT
000003e8   CLK_MICROSECS
0000c43e   CLK_NULL
0000c34f   CLK_PRD
00000000   CLK_PRDHIGH
00000c10   CLK_REGS
001025ee   CLK_R_timh
001025ef   CLK_R_timl
00000022   CLK_TCR
00000002   CLK_TDDR
00000000   CLK_TDDRHIGH
001009da   CLK_TIMEFXN
00000000   CLK_TIMERNUM
00000001   CLK_USETIMER
00000000   DEV$
00000000   DGN$
00000000   DHL$
00000000   DHL_gChannelsAvailable
00000000   DIO$
00000000   DIO_NUMSWIBASE
00000000   DIO_NUMTSKBASE
00000000   DIO_STATIC
00000000   DPI$
ffffffff   FLASH
00100c51   FXN_F_nop
00100c52   FXN_F_run
00100c62   FXN_F_selfLoop
00100c60   FXN_F_zero
00000001   GBL$
00005205   GBL_A_VERSION
00000000   GBL_CALLCSLCFGINIT
00004e20   GBL_CLKIN
00006e8c   GBL_DSPSUBTYPE
0000001c   GBL_DSPTYPE
00000001   GBL_ENABLEINST
00000042   GBL_FOOTPRINT
000249f0   GBL_FREQ
00000001   GBL_LARGEMODEL
00000001   GBL_MODIFYPLLCR
00000000   GBL_NULL
0000000a   GBL_PLLCR
00000002   GBL_PLLDIV
00000002   GBL_PLLSTS
00020000   GBL_PLLWAITCYCLE
00000000   GBL_PROCID
00000000   GBL_ROM
00000000   GBL_SUPPORTCSL
0000dbef   GBL_TRCMASKVALUE
00000000   GBL_USERINIT
00100ce0   GBL_USERINITFXN
00100ce0   GBL_USERLIMPMODEABORTFXN
00000001   GBL_boot
0010276a   GBL_initdone
00000000   GBL_stackbeg
000001ff   GBL_stackend
00000000   GIO$
00100ce0   GIO_CREATEFXN
00100ce0   GIO_DELETEFXN
00100ce0   GIO_PENDFXN
00100ce0   GIO_POSTFXN
00000000   HOOK$
00000000   HOOK_KNLID
00000001   HST$
0000c5ac   HST_A_TABBEG
0000c5ca   HST_A_TABEND
00000000   HST_DSM
ffffffff   HST_DSMBUFSEG
00000400   HST_DSMMEMSIZE
001025f0   HST_D_chanmask
00102668   HST_D_tabbegaddr
0010266a   HST_D_tabendaddr
000000ff   HST_MAXFRAMEALLOWED
00000040   HST_MAXFRAMESET
00000000   HST_NONE
00000001   HST_RTDX
00000001   HWI$
0000000f   HWI_DLOG
00000000   HWI_DLOG$hwi
0010265c   HWI_D_inhwi
00102657   HWI_D_spsave
00102658   HWI_D_stkbottomaddr
0010265a   HWI_D_stktopaddr
001002e2   HWI_F_dispatch
00000013   HWI_ILLEGAL
00000000   HWI_ILLEGAL$hwi
00000001   HWI_INT1
00000000   HWI_INT1$hwi
0000000a   HWI_INT10
00000000   HWI_INT10$hwi
0000000b   HWI_INT11
00000000   HWI_INT11$hwi
0000000c   HWI_INT12
00000000   HWI_INT12$hwi
0000000d   HWI_INT13
00000000   HWI_INT13$hwi
00000002   HWI_INT2
00000000   HWI_INT2$hwi
00000003   HWI_INT3
00000000   HWI_INT3$hwi
00000004   HWI_INT4
00000000   HWI_INT4$hwi
00000005   HWI_INT5
00000000   HWI_INT5$hwi
00000006   HWI_INT6
00000000   HWI_INT6$hwi
00000007   HWI_INT7
00000000   HWI_INT7$hwi
00000008   HWI_INT8
00000000   HWI_INT8$hwi
00000009   HWI_INT9
00000000   HWI_INT9$hwi
00000012   HWI_NMI
00000000   HWI_NMI$hwi
00000001   HWI_PIESELECT
00000011   HWI_RESERVED
00000000   HWI_RESERVED$hwi
00000000   HWI_RESET
00000000   HWI_RESET$hwi
00000010   HWI_RTOS
00000000   HWI_RTOS$hwi
0000000e   HWI_TINT
00000000   HWI_TINT$hwi
00000014   HWI_USER1
00000000   HWI_USER1$hwi
0000001d   HWI_USER10
00000000   HWI_USER10$hwi
0000001e   HWI_USER11
00000000   HWI_USER11$hwi
0000001f   HWI_USER12
00000000   HWI_USER12$hwi
00000015   HWI_USER2
00000000   HWI_USER2$hwi
00000016   HWI_USER3
00000000   HWI_USER3$hwi
00000017   HWI_USER4
00000000   HWI_USER4$hwi
00000018   HWI_USER5
00000000   HWI_USER5$hwi
00000019   HWI_USER6
00000000   HWI_USER6$hwi
0000001a   HWI_USER7
00000000   HWI_USER7$hwi
0000001b   HWI_USER8
00000000   HWI_USER8$hwi
0000001c   HWI_USER9
00000000   HWI_USER9$hwi
00000001   HWI_VMAPSELECT
00000001   IDL$
0000c5f0   IDL_A_CALBEG
0000c5e8   IDL_A_TABBEG
00000000   IDL_CALIBRERROR
00100cbc   IDL_CALIBRFXN
0010268e   IDL_D_busyObj
001025f2   IDL_D_calbeg
001025f4   IDL_D_calibrate
001025f6   IDL_D_tabbeg
0000c5ee   IDL_END
0000c5f6   IDL_END$
00100c0d   IDL_F_busy
00100a6e   IDL_F_calibrate
00100c19   IDL_F_init
00100cc5   IDL_F_loop
00100cbc   IDL_F_stub
00000001   IDL_USECLKIDLTIME
0000c436   IDL_busyObj
00102777   IDL_busyObj$avgfmt
00000001   IDL_busyObj$filter
00000001   IDL_busyObj$iA
00000000   IDL_busyObj$iB
00000001   IDL_busyObj$iC
00102771   IDL_busyObj$maxfmt
00000000   IDL_busyObj$operation
0000c434   IDL_busyObj$stsobj
00102774   IDL_busyObj$sumfmt
00000002   IDL_busyObj$unittype
0000c5e8   IDL_cpuLoad
0000c5f0   IDL_cpuLoad$
001009ae   KNL_glue
0000c5ca   KNL_swi
00000001   KNL_swi$dorta
00000000   KNL_swi$ord
00000000   KNL_swi$pri
0000c426   KNL_swi$sts
0010274d   KNL_swi$sts$avgfmt
00000002   KNL_swi$sts$filter
00000001   KNL_swi$sts$filtmaxmult
00000001   KNL_swi$sts$filtsummult
0010273d   KNL_swi$sts$maxfmt
0000c424   KNL_swi$sts$stsobj
00102745   KNL_swi$sts$sumfmt
00000000   KNL_swi$sts$unittype
00000000   KNL_swi$swi
001009b8   KNL_tick_stub
ffffffff   L03SARAM
ffffffff   L47SARAM
ffffffff   L7SARAM
00000001   LCK$
00102688   LNKCTRL
00102689   LNK_D_dataReadyMask
00102688   LNK_D_fromHostMask
0010268b   LNK_D_readDone
0010268c   LNK_D_readFail
0010268a   LNK_D_readPend
0010268d   LNK_D_writeFail
0010017e   LNK_F_checkChanEnabled
001001a5   LNK_F_dataPump
0010018e   LNK_F_getChanPtr
00100185   LNK_F_getNextChan
0010017d   LNK_F_init
001002d0   LNK_F_readCallBack
0000c5ea   LNK_dataPump
0000c5f2   LNK_dataPump$
00100236   LNK_newin
0010027c   LNK_newout
001001a5   LNK_rcloop
001001c5   LNK_rdrtry
001001c9   LNK_rrloop
001001fa   LNK_wrloop
001001f6   LNK_wrrtry
00000001   LOG$
0000c56c   LOG_A_TABBEG
0000c580   LOG_A_TABEND
00000002   LOG_A_TABLEN
001025f8   LOG_D_system
00000001   LOG_ENABLED
00100bd3   LOG_F_event
0000c56c   LOG_system
0000c4c0   LOG_system$buf
00000000   LOG_system$datatype
00000000   LOG_system$log
00000040   LOG_system$size
0000c576   LOG_trace
00102780   LOG_trace$buf
00000001   LOG_trace$datatype
00000000   LOG_trace$log
00000080   LOG_trace$size
00000000   MBX$
00000001   MEM$
001023c7   MEM_MALLOCSEG
00000000   MEM_NULL
001023c7   MEM_SEGZERO
00000001   MEM_gNumHeap
ffffffff   MSARAM
00000000   MSGQ$
00000000   MSGQ_USEMSGQ
00000000   OBJ$
ffffffff   OTP
00000001   PIE$
ffffffff   PIEVECT
00000068   PIE_INT10_1
00000000   PIE_INT10_1$hwi
00000069   PIE_INT10_2
00000000   PIE_INT10_2$hwi
0000006a   PIE_INT10_3
00000000   PIE_INT10_3$hwi
0000006b   PIE_INT10_4
00000000   PIE_INT10_4$hwi
0000006c   PIE_INT10_5
00000000   PIE_INT10_5$hwi
0000006d   PIE_INT10_6
00000000   PIE_INT10_6$hwi
0000006e   PIE_INT10_7
00000000   PIE_INT10_7$hwi
0000006f   PIE_INT10_8
00000000   PIE_INT10_8$hwi
00000070   PIE_INT11_1
00000000   PIE_INT11_1$hwi
00000071   PIE_INT11_2
00000000   PIE_INT11_2$hwi
00000072   PIE_INT11_3
00000000   PIE_INT11_3$hwi
00000073   PIE_INT11_4
00000000   PIE_INT11_4$hwi
00000074   PIE_INT11_5
00000000   PIE_INT11_5$hwi
00000075   PIE_INT11_6
00000000   PIE_INT11_6$hwi
00000076   PIE_INT11_7
00000000   PIE_INT11_7$hwi
00000077   PIE_INT11_8
00000000   PIE_INT11_8$hwi
00000078   PIE_INT12_1
00000000   PIE_INT12_1$hwi
00000079   PIE_INT12_2
00000000   PIE_INT12_2$hwi
0000007a   PIE_INT12_3
00000000   PIE_INT12_3$hwi
0000007b   PIE_INT12_4
00000000   PIE_INT12_4$hwi
0000007c   PIE_INT12_5
00000000   PIE_INT12_5$hwi
0000007d   PIE_INT12_6
00000000   PIE_INT12_6$hwi
0000007e   PIE_INT12_7
00000000   PIE_INT12_7$hwi
0000007f   PIE_INT12_8
00000000   PIE_INT12_8$hwi
00000020   PIE_INT1_1
00000000   PIE_INT1_1$hwi
00000021   PIE_INT1_2
00000000   PIE_INT1_2$hwi
00000022   PIE_INT1_3
00000000   PIE_INT1_3$hwi
00000023   PIE_INT1_4
00000000   PIE_INT1_4$hwi
00000024   PIE_INT1_5
00000000   PIE_INT1_5$hwi
00000025   PIE_INT1_6
00000000   PIE_INT1_6$hwi
00000026   PIE_INT1_7
00000000   PIE_INT1_7$hwi
00000027   PIE_INT1_8
00000000   PIE_INT1_8$hwi
00000028   PIE_INT2_1
00000000   PIE_INT2_1$hwi
00000029   PIE_INT2_2
00000000   PIE_INT2_2$hwi
0000002a   PIE_INT2_3
00000000   PIE_INT2_3$hwi
0000002b   PIE_INT2_4
00000000   PIE_INT2_4$hwi
0000002c   PIE_INT2_5
00000000   PIE_INT2_5$hwi
0000002d   PIE_INT2_6
00000000   PIE_INT2_6$hwi
0000002e   PIE_INT2_7
00000000   PIE_INT2_7$hwi
0000002f   PIE_INT2_8
00000000   PIE_INT2_8$hwi
00000030   PIE_INT3_1
00000000   PIE_INT3_1$hwi
00000031   PIE_INT3_2
00000000   PIE_INT3_2$hwi
00000032   PIE_INT3_3
00000000   PIE_INT3_3$hwi
00000033   PIE_INT3_4
00000000   PIE_INT3_4$hwi
00000034   PIE_INT3_5
00000000   PIE_INT3_5$hwi
00000035   PIE_INT3_6
00000000   PIE_INT3_6$hwi
00000036   PIE_INT3_7
00000000   PIE_INT3_7$hwi
00000037   PIE_INT3_8
00000000   PIE_INT3_8$hwi
00000038   PIE_INT4_1
00000000   PIE_INT4_1$hwi
00000039   PIE_INT4_2
00000000   PIE_INT4_2$hwi
0000003a   PIE_INT4_3
00000000   PIE_INT4_3$hwi
0000003b   PIE_INT4_4
00000000   PIE_INT4_4$hwi
0000003c   PIE_INT4_5
00000000   PIE_INT4_5$hwi
0000003d   PIE_INT4_6
00000000   PIE_INT4_6$hwi
0000003e   PIE_INT4_7
00000000   PIE_INT4_7$hwi
0000003f   PIE_INT4_8
00000000   PIE_INT4_8$hwi
00000040   PIE_INT5_1
00000000   PIE_INT5_1$hwi
00000041   PIE_INT5_2
00000000   PIE_INT5_2$hwi
00000042   PIE_INT5_3
00000000   PIE_INT5_3$hwi
00000043   PIE_INT5_4
00000000   PIE_INT5_4$hwi
00000044   PIE_INT5_5
00000000   PIE_INT5_5$hwi
00000045   PIE_INT5_6
00000000   PIE_INT5_6$hwi
00000046   PIE_INT5_7
00000000   PIE_INT5_7$hwi
00000047   PIE_INT5_8
00000000   PIE_INT5_8$hwi
00000048   PIE_INT6_1
00000000   PIE_INT6_1$hwi
00000049   PIE_INT6_2
00000000   PIE_INT6_2$hwi
0000004a   PIE_INT6_3
00000000   PIE_INT6_3$hwi
0000004b   PIE_INT6_4
00000000   PIE_INT6_4$hwi
0000004c   PIE_INT6_5
00000000   PIE_INT6_5$hwi
0000004d   PIE_INT6_6
00000000   PIE_INT6_6$hwi
0000004e   PIE_INT6_7
00000000   PIE_INT6_7$hwi
0000004f   PIE_INT6_8
00000000   PIE_INT6_8$hwi
00000050   PIE_INT7_1
00000000   PIE_INT7_1$hwi
00000051   PIE_INT7_2
00000000   PIE_INT7_2$hwi
00000052   PIE_INT7_3
00000000   PIE_INT7_3$hwi
00000053   PIE_INT7_4
00000000   PIE_INT7_4$hwi
00000054   PIE_INT7_5
00000000   PIE_INT7_5$hwi
00000055   PIE_INT7_6
00000000   PIE_INT7_6$hwi
00000056   PIE_INT7_7
00000000   PIE_INT7_7$hwi
00000057   PIE_INT7_8
00000000   PIE_INT7_8$hwi
00000058   PIE_INT8_1
00000000   PIE_INT8_1$hwi
00000059   PIE_INT8_2
00000000   PIE_INT8_2$hwi
0000005a   PIE_INT8_3
00000000   PIE_INT8_3$hwi
0000005b   PIE_INT8_4
00000000   PIE_INT8_4$hwi
0000005c   PIE_INT8_5
00000000   PIE_INT8_5$hwi
0000005d   PIE_INT8_6
00000000   PIE_INT8_6$hwi
0000005e   PIE_INT8_7
00000000   PIE_INT8_7$hwi
0000005f   PIE_INT8_8
00000000   PIE_INT8_8$hwi
00000060   PIE_INT9_1
00000000   PIE_INT9_1$hwi
00000061   PIE_INT9_2
00000000   PIE_INT9_2$hwi
00000062   PIE_INT9_3
00000000   PIE_INT9_3$hwi
00000063   PIE_INT9_4
00000000   PIE_INT9_4$hwi
00000064   PIE_INT9_5
00000000   PIE_INT9_5$hwi
00000065   PIE_INT9_6
00000000   PIE_INT9_6$hwi
00000066   PIE_INT9_7
00000000   PIE_INT9_7$hwi
00000067   PIE_INT9_8
00000000   PIE_INT9_8$hwi
00000000   PIP$
0000c440   PIP_A_TABBEG
0000c4c0   PIP_A_TABEND
00000002   PIP_A_TABLEN
001025fa   PIP_D_tabbeg
001025fc   PIP_D_tablen
0010094b   PIP_F_give
0010094a   PIP_F_probe
00100974   PIP_F_start
00100931   PIP_F_take
00000032   PIP_OBJSIZE
00000000   PIP_gNextId
00000002   PIP_gNumEmbed
00000000   POOL$
00000000   POOL_USEPOOL
00000001   PRD$
0000c000   PRD_A_TABBEG
0000c000   PRD_A_TABEND
00000000   PRD_A_TABLEN
001025fe   PRD_D_cur
00102600   PRD_D_elapsed
00102601   PRD_D_prevtim
00102602   PRD_D_scalar
00102604   PRD_D_swihandle
00102606   PRD_D_tabbeg
00102608   PRD_D_tablen
0010260a   PRD_D_thook
0010260c   PRD_D_tickh
0010260d   PRD_D_tickl
0010053e   PRD_F_swi
001005ad   PRD_F_tick
00004000   PRD_SCALAR
00000000   PRD_SWIHANDLE
001009b8   PRD_THOOKFXN
0000c43c   PRD_clock
00000001   QUE$
00102672   RTA_D_fromHost
00102676   RTA_D_logval
00102680   RTA_D_stsval
00102674   RTA_D_toHost
00100c3d   RTA_F_andn
0010062c   RTA_F_dispatch
001005d5   RTA_F_getlog
001005f4   RTA_F_getsts
00100c44   RTA_F_or
00100612   RTA_F_readblk
0010061d   RTA_F_resetmem
0010061b   RTA_F_writeword
0000c5ec   RTA_dispatcher
0000c5f4   RTA_dispatcher$
0000c5ae   RTA_fromHost
0000c5e0   RTA_fromHost$buf
00000008   RTA_fromHost$framesize
00000000   RTA_fromHost$hst
00000001   RTA_fromHost$id
00000000   RTA_fromHost$mode
0000c440   RTA_fromHost$pipe
001023c8   RTA_fromHost$pipe$dtab
0000c442   RTA_fromHost$pipe$rd
0000c444   RTA_fromHost$pipe$rdaddr
0000c448   RTA_fromHost$pipe$rdcurdesc
0000c446   RTA_fromHost$pipe$rdsize
0000c458   RTA_fromHost$pipe$rdstshdl
0000c45a   RTA_fromHost$pipe$wr
0000c45c   RTA_fromHost$pipe$wraddr
0000c460   RTA_fromHost$pipe$wrcurdesc
0000c45e   RTA_fromHost$pipe$wrsize
0000c470   RTA_fromHost$pipe$wrstshdl
0000c5b2   RTA_fromHost$rtdx
0000c5bc   RTA_toHost
0000c500   RTA_toHost$buf
00000040   RTA_toHost$framesize
00000000   RTA_toHost$hst
00000000   RTA_toHost$id
00000001   RTA_toHost$mode
0000c480   RTA_toHost$pipe
001023d0   RTA_toHost$pipe$dtab
0000c482   RTA_toHost$pipe$rd
0000c484   RTA_toHost$pipe$rdaddr
0000c488   RTA_toHost$pipe$rdcurdesc
0000c486   RTA_toHost$pipe$rdsize
0000c498   RTA_toHost$pipe$rdstshdl
0000c49a   RTA_toHost$pipe$wr
0000c49c   RTA_toHost$pipe$wraddr
0000c4a0   RTA_toHost$pipe$wrcurdesc
0000c49e   RTA_toHost$pipe$wrsize
0000c4b0   RTA_toHost$pipe$wrstshdl
0000c5c0   RTA_toHost$rtdx
00000001   RTDX$
00000102   RTDX_BUFMEMSIZE
ffffffff   RTDX_DATAMEMSEG
0010266c   RTDX_D_BufRead
0010266e   RTDX_D_BufWrite
00102670   RTDX_D_Poll
001004a2   RTDX_F_isr
00000000   RTDX_MODE
00000001   RTDX_USERTDX
00000000   RTDX_USERTEXECUTION
00000001   SEM$
0000c55c   SEM_can
0000c546   SEM_net
00000000   SIO$
001023c7   SRAM
00100ce1   SRAM$B
00000800   SRAM$L
00000001   STS$
0000c424   STS_A_TABBEG
0000c43c   STS_A_TABEND
00100b62   STS_F_add
00100b56   STS_F_delta
00100b6e   STS_F_reset
00000001   SWI$
0000c5ca   SWI_A_TABBEG
0000c5de   SWI_A_TABEND
00000001   SWI_A_TABLEN
00102616   SWI_D_curfxn
00102612   SWI_D_curmask
00102615   SWI_D_curmbox
00102613   SWI_D_curset
00102610   SWI_D_execaddr
00102656   SWI_D_inswi
00102614   SWI_D_lock
00102618   SWI_D_rdybeg
0010261a   SWI_D_rdytab
0010260e   SWI_D_runaddr
00000000   SWI_EHOOKFXN
0010006f   SWI_EXECFXN
00100000   SWI_F_enable
0010006f   SWI_F_exec
0010004b   SWI_F_exec_sync
00100014   SWI_F_post
001000bc   SWI_F_run
00000000   SWI_IHOOKFXN
001000bc   SWI_RUNFXN
00000001   SYS$
00102756   SYS$config
00100c63   SYS_ABORTFXN
00100c73   SYS_ERRORFXN
00100cda   SYS_EXITFXN
00100c9d   SYS_PUTCFXN
00004000   TRC_GBLTARG
00102769   TRC_R_mask
00102768   TRC_cinit
00000001   TSK$
00000000   TSK_NUM_HOOKS
00000001   TSK_PRIORITY
00000000   TSK_READYFXN
00000000   TSK_STACKSEG
00000100   TSK_STACKSIZE
00000000   TSK_SWITCHFXN
00100ce0   TSK_VCREATEFXN
00100ce0   TSK_VDELETEFXN
00100ce0   TSK_VEXITFXN
001023f2   TSK_config
0000c586   TSK_idle
0000c580   TSK_idle$obj
00000001   TSK_idle$ord
00000000   TSK_idle$pri
0000c324   TSK_idle$stack
0000c324   TSK_idle$stkptr
0000c42e   TSK_idle$sts
00102767   TSK_idle$sts$avgfmt
00000002   TSK_idle$sts$filter
00000001   TSK_idle$sts$filtmaxmult
00000001   TSK_idle$sts$filtsummult
00102757   TSK_idle$sts$maxfmt
0000c42c   TSK_idle$sts$stsobj
0010275f   TSK_idle$sts$sumfmt
00000000   TSK_idle$sts$unittype
00000000   TSK_idle$tsk
00000000   UDEV$
00000b00   _AdcMirror
00007100   _AdcRegs
00102442   _BIOS_init
001024c7   _BIOS_start
ffffffff   _BOOTROM
0000c350   _CLK_COUNTSPMS
00102432   _CLK_DFLTMICROSECS
001025e4   _CLK_D_countspms
001025de   _CLK_D_dirty
00102430   _CLK_D_microseconds
001025e0   _CLK_D_prd
001025e2   _CLK_D_tddr
0000c34f   _CLK_PRD
00000c10   _CLK_REGS
00000022   _CLK_TCR
00000002   _CLK_TDDR
00000000   _CLK_TIMERNUM
00000001   _CLK_USETIMER
001009fb   _CLK_getltime
001025d6   _CLK_htimeDiv
001025d8   _CLK_htimeMult
0010243c   _CLK_htimePerLtime
001009ff   _CLK_itime
001025da   _CLK_ltimeDiv
001025dc   _CLK_ltimeMult
00000c00   _CpuTimer0Regs
00000c08   _CpuTimer1Regs
00000c10   _CpuTimer2Regs
0033fff8   _CsmPwl
00000ae0   _CsmRegs
0000801b   _DSP28x_usDelay
00102728   _DataLogDMACtl
0010272a   _DataLogDMAHigh
00102726   _DataLogDMAId
0010272e   _DataLogDMALow
00000880   _DevEmuRegs
00102051   _DisableDog
00001000   _DmaRegs
00006040   _ECanaLAMRegs
000060c0   _ECanaMOTORegs
00006080   _ECanaMOTSRegs
00006100   _ECanaMboxes
00006000   _ECanaRegs
00006240   _ECanbLAMRegs
000062c0   _ECanbMOTORegs
00006280   _ECanbMOTSRegs
00006300   _ECanbMboxes
00006200   _ECanbRegs
00006a00   _ECap1Regs
00006a20   _ECap2Regs
00006a40   _ECap3Regs
00006a60   _ECap4Regs
00006a80   _ECap5Regs
00006aa0   _ECap6Regs
00006800   _EPwm1Regs
00006840   _EPwm2Regs
00006880   _EPwm3Regs
000068c0   _EPwm4Regs
00006900   _EPwm5Regs
00006940   _EPwm6Regs
00006b00   _EQep1Regs
00006b40   _EQep2Regs
00102059   _EnableDog
00102118   _EnableInterrupts
ffffffff   _FLASH
00100ce0   _FXN_F_nop
00000a80   _FlashRegs
001025d2   _GBL_clkIn
001025d4   _GBL_freq
00100cdd   _GBL_getVersion
001025d0   _GBL_procId
00006f80   _GpioCtrlRegs
00006fc0   _GpioDataRegs
00006fe0   _GpioIntRegs
0000c5ac   _HST_A_TABBEG
0000c5ca   _HST_A_TABEND
0000000f   _HWI_DLOG
0010265c   _HWI_D_inhwi
00101f92   _HWI_D_intrNum
00102657   _HWI_D_spsave
00100385   _HWI_F_dispIsr0
00100388   _HWI_F_dispIsr1
001002db   _HWI_F_dispIsrPie
001002e2   _HWI_F_dispatch
00000013   _HWI_ILLEGAL
00000001   _HWI_INT1
0000000a   _HWI_INT10
0000000b   _HWI_INT11
0000000c   _HWI_INT12
0000000d   _HWI_INT13
00000002   _HWI_INT2
00000003   _HWI_INT3
00000004   _HWI_INT4
00000005   _HWI_INT5
00000006   _HWI_INT6
00000007   _HWI_INT7
00000008   _HWI_INT8
00000009   _HWI_INT9
00000012   _HWI_NMI
00000011   _HWI_RESERVED
00000000   _HWI_RESET
00000010   _HWI_RTOS
00000000   _HWI_STKBOTTOM
00000200   _HWI_STKTOP
0000000e   _HWI_TINT
00000014   _HWI_USER1
0000001d   _HWI_USER10
0000001e   _HWI_USER11
0000001f   _HWI_USER12
00000015   _HWI_USER2
00000016   _HWI_USER3
00000017   _HWI_USER4
00000018   _HWI_USER5
00000019   _HWI_USER6
0000001a   _HWI_USER7
0000001b   _HWI_USER8
0000001c   _HWI_USER9
00102657   _HWI_data
00100ca9   _HWI_disable
00101c92   _HWI_dispatchTab
00100cad   _HWI_enable
00100caf   _HWI_restore
00007900   _I2caRegs
00100cc5   _IDL_F_loop
0000c436   _IDL_busyObj
0000c5e8   _IDL_cpuLoad
00008000   _InitFlash
001020af   _InitPeripheralClocks
001020f9   _InitPieCtrl
00102061   _InitPll
0010203e   _InitSysCtrl
0010231a   _KNL_alarm
00100a3b   _KNL_check
00102308   _KNL_curqueue
0010231c   _KNL_curtask
00102300   _KNL_curtime
00102322   _KNL_dummy
00100b76   _KNL_enter
00100c91   _KNL_exit
00100a5c   _KNL_idle
0010230c   _KNL_idlefxn
00102316   _KNL_inactive
00100b13   _KNL_ipost
00100a65   _KNL_max
00102304   _KNL_maxqueue
00100c27   _KNL_post
0010231e   _KNL_prevtask
00102320   _KNL_priority
00102340   _KNL_queues
001006ff   _KNL_run
001009bf   _KNL_saveIsrFrame
00102302   _KNL_set
00102314   _KNL_setpri
0000c5ca   _KNL_swi
00102306   _KNL_swiptr
00100991   _KNL_switch
0010230e   _KNL_tcreatefxn
00102310   _KNL_tdeletefxn
00100ccb   _KNL_tick
0010230a   _KNL_treadyfxn
00102312   _KNL_tswitchfxn
00102301   _KNL_wFlag
00102318   _KNL_wList
ffffffff   _L03SARAM
ffffffff   _L47SARAM
ffffffff   _L7SARAM
00100bf1   _LCK_pend
00100c83   _LCK_post
001002d0   _LNK_F_readCallBack
0000c5ea   _LNK_dataPump
0000c56c   _LOG_A_TABBEG
0000c580   _LOG_A_TABEND
00000002   _LOG_A_TABLEN
001025f8   _LOG_D_system
00100cd5   _LOG_event
0000c56c   _LOG_system
0000c576   _LOG_trace
00102440   _MEM
0010265d   _MEM_D_NUMSEGMENTS
00102660   _MEM_D_freelist
00102662   _MEM_D_lockaddr
0010265e   _MEM_D_memtab
00102664   _MEM_D_unlockaddr
0010255f   _MEM_init
001023c0   _MEM_memtab
ffffffff   _MSARAM
00005000   _McbspaRegs
00005040   _McbspbRegs
00102732   _MsgBaseHigh
00102734   _MsgBaseLow
001023d6   _OBJ_table
ffffffff   _OTP
ffffffff   _PIEVECT
00000068   _PIE_INT10_1
00000069   _PIE_INT10_2
0000006a   _PIE_INT10_3
0000006b   _PIE_INT10_4
0000006c   _PIE_INT10_5
0000006d   _PIE_INT10_6
0000006e   _PIE_INT10_7
0000006f   _PIE_INT10_8
00000070   _PIE_INT11_1
00000071   _PIE_INT11_2
00000072   _PIE_INT11_3
00000073   _PIE_INT11_4
00000074   _PIE_INT11_5
00000075   _PIE_INT11_6
00000076   _PIE_INT11_7
00000077   _PIE_INT11_8
00000078   _PIE_INT12_1
00000079   _PIE_INT12_2
0000007a   _PIE_INT12_3
0000007b   _PIE_INT12_4
0000007c   _PIE_INT12_5
0000007d   _PIE_INT12_6
0000007e   _PIE_INT12_7
0000007f   _PIE_INT12_8
00000020   _PIE_INT1_1
00000021   _PIE_INT1_2
00000022   _PIE_INT1_3
00000023   _PIE_INT1_4
00000024   _PIE_INT1_5
00000025   _PIE_INT1_6
00000026   _PIE_INT1_7
00000027   _PIE_INT1_8
00000028   _PIE_INT2_1
00000029   _PIE_INT2_2
0000002a   _PIE_INT2_3
0000002b   _PIE_INT2_4
0000002c   _PIE_INT2_5
0000002d   _PIE_INT2_6
0000002e   _PIE_INT2_7
0000002f   _PIE_INT2_8
00000030   _PIE_INT3_1
00000031   _PIE_INT3_2
00000032   _PIE_INT3_3
00000033   _PIE_INT3_4
00000034   _PIE_INT3_5
00000035   _PIE_INT3_6
00000036   _PIE_INT3_7
00000037   _PIE_INT3_8
00000038   _PIE_INT4_1
00000039   _PIE_INT4_2
0000003a   _PIE_INT4_3
0000003b   _PIE_INT4_4
0000003c   _PIE_INT4_5
0000003d   _PIE_INT4_6
0000003e   _PIE_INT4_7
0000003f   _PIE_INT4_8
00000040   _PIE_INT5_1
00000041   _PIE_INT5_2
00000042   _PIE_INT5_3
00000043   _PIE_INT5_4
00000044   _PIE_INT5_5
00000045   _PIE_INT5_6
00000046   _PIE_INT5_7
00000047   _PIE_INT5_8
00000048   _PIE_INT6_1
00000049   _PIE_INT6_2
0000004a   _PIE_INT6_3
0000004b   _PIE_INT6_4
0000004c   _PIE_INT6_5
0000004d   _PIE_INT6_6
0000004e   _PIE_INT6_7
0000004f   _PIE_INT6_8
00000050   _PIE_INT7_1
00000051   _PIE_INT7_2
00000052   _PIE_INT7_3
00000053   _PIE_INT7_4
00000054   _PIE_INT7_5
00000055   _PIE_INT7_6
00000056   _PIE_INT7_7
00000057   _PIE_INT7_8
00000058   _PIE_INT8_1
00000059   _PIE_INT8_2
0000005a   _PIE_INT8_3
0000005b   _PIE_INT8_4
0000005c   _PIE_INT8_5
0000005d   _PIE_INT8_6
0000005e   _PIE_INT8_7
0000005f   _PIE_INT8_8
00000060   _PIE_INT9_1
00000061   _PIE_INT9_2
00000062   _PIE_INT9_3
00000063   _PIE_INT9_4
00000064   _PIE_INT9_5
00000065   _PIE_INT9_6
00000066   _PIE_INT9_7
00000067   _PIE_INT9_8
0000c440   _PIP_A_TABBEG
0000c4c0   _PIP_A_TABEND
0010260d   _PRD_D_tick
0000c43c   _PRD_clock
00380090   _PartIdRegs
00000ce0   _PieCtrlRegs
0000c5ec   _RTA_dispatcher
0000c5ae   _RTA_fromHost
0000c5bc   _RTA_toHost
0000c200   _RTDX_Buffer
0000c320   _RTDX_Buffer_End
00101c2c   _RTDX_Buffer_Initialize
00101c79   _RTDX_Buffer_Read
00101c43   _RTDX_Buffer_ReadCB
00101c64   _RTDX_Buffer_Size
0000c322   _RTDX_Buffer_Start
00101c82   _RTDX_Buffer_Write
00101a4d   _RTDX_Buffer_WriteCB
00101c57   _RTDX_Final_RT_Monitor
00101bfc   _RTDX_Init_RT_Monitor
00000002   _RTDX_JTAGONLY
00000001   _RTDX_LMM
001021c7   _RTDX_Mask_IER
00101bc5   _RTDX_Mon_Queue
00101aea   _RTDX_Poll
001021e1   _RTDX_Set_IER
00000000   _RTDX_interrupt_mask
0000c302   _RTDX_writing
0000c55c   _SEM_can
0000c546   _SEM_net
00100bb4   _SEM_pend
0010066c   _SEM_pendEnterKnl
00100a07   _SEM_post
00100a07   _SEM_postBinary
00100af0   _SEM_postEnterKnl
001023c7   _SRAM
00100ce1   _SRAM_base
00000800   _SRAM_length
0000c424   _STS_A_TABBEG
0000c43c   _STS_A_TABEND
00100b62   _STS_add
00100b56   _STS_delta
00100b6e   _STS_reset
00100b6b   _STS_set
00102616   _SWI_D_curfxn
00102612   _SWI_D_curmask
00102656   _SWI_D_inswi
00102614   _SWI_D_lock
00102618   _SWI_D_rdybeg
0010260e   _SWI_data
00100000   _SWI_enable
00100014   _SWI_post
00102666   _SYS
0000c000   _SYS_PUTCBEG
0000c1ff   _SYS_PUTCEND
00100cb3   _SYS_abort
00100b35   _SYS_exit
001021f0   _SYS_exitStack
001021ec   _SYS_exitStackPtr
001021ee   _SYS_exitStackTop
00007050   _SciaRegs
00007750   _ScibRegs
00007770   _ScicRegs
00102047   _ServiceDog
00007040   _SpiaRegs
00102736   _StatBase
00007010   _SysCtrlRegs
00102769   _TRC_R_mask
00102400   _TSK
00102406   _TSK_ATTRS
0010086b   _TSK_exit
0000c586   _TSK_idle
001025ad   _TSK_init
00102405   _TSK_nTasks
00102404   _TSK_pid
001007fe   _TSK_setup
00100aa0   _TSK_startup
00102414   _TSK_timerSem
00100c63   _UTL_doAbort
00100c73   _UTL_doError
00100c9d   _UTL_doPutc
00100cda   _UTL_halt
00101f93   _XINTF_init
00101fe8   _XINTF_init16Gpio
00007070   _XIntruptRegs
00000b20   _XintfRegs
00100404   __CLK_hwienter
00102402   __HOOK_NUMHOOKS
001023c6   __HOOK_knlId
001023a4   __MEM_mutex
001008ce   __SEM_dopost
00000200   __STACK_END
00000200   __STACK_SIZE
00102390   __TSK_mutex
0010213b   ___add_dtor
00102201   ___atexit_func_id__
ffffffff   ___binit__
00100000   ___bss__
ffffffff   ___c_args__
001014e1   ___cinit__
00100000   ___data__
00100000   ___edata__
00100000   ___end__
001021ec   ___etext__
0010216e   ___memcpy_ff
0010275e   ___pinit__
00101f93   ___text__
00102438   __cleanup_ptr
0010243a   __dtors_ptr
00102436   __lock
001021d8   __nop
001021d4   __register_lock
001021d0   __register_unlock
00000000   __stack
00102434   __unlock
001021ae   _abort
00102148   _atexit
00102501   _c_int00
00102121   _call_dtors
0010243e   _dtors
001021b0   _exit
00000e00   _hwi_vec_loadend
00000100   _hwi_vec_loadsize
00000d00   _hwi_vec_loadstart
00000d00   _hwi_vec_runstart
001020cf   _main
0010242a   _rtdxNullChanCnt
0010242b   _rtdxNullFuncCnt
0000c304   _rtdx_buffer_state
0000c312   _rtdx_mon_state
ffffffff   binit
001014e1   cinit
0000801f   code_start
00100000   edata
00100000   end
001021ec   etext
00000d00   hwi0
00000d02   hwi1
00000d14   hwi10
00000dc8   hwi100
00000dca   hwi101
00000dcc   hwi102
00000dce   hwi103
00000dd0   hwi104
00000dd2   hwi105
00000dd4   hwi106
00000dd6   hwi107
00000dd8   hwi108
00000dda   hwi109
00000d16   hwi11
00000ddc   hwi110
00000dde   hwi111
00000de0   hwi112
00000de2   hwi113
00000de4   hwi114
00000de6   hwi115
00000de8   hwi116
00000dea   hwi117
00000dec   hwi118
00000dee   hwi119
00000d18   hwi12
00000df0   hwi120
00000df2   hwi121
00000df4   hwi122
00000df6   hwi123
00000df8   hwi124
00000dfa   hwi125
00000dfc   hwi126
00000dfe   hwi127
00000d1a   hwi13
00000d1c   hwi14
00000d1e   hwi15
00000d20   hwi16
00000d22   hwi17
00000d24   hwi18
00000d26   hwi19
00000d04   hwi2
00000d28   hwi20
00000d2a   hwi21
00000d2c   hwi22
00000d2e   hwi23
00000d30   hwi24
00000d32   hwi25
00000d34   hwi26
00000d36   hwi27
00000d38   hwi28
00000d3a   hwi29
00000d06   hwi3
00000d3c   hwi30
00000d3e   hwi31
00000d40   hwi32
00000d42   hwi33
00000d44   hwi34
00000d46   hwi35
00000d48   hwi36
00000d4a   hwi37
00000d4c   hwi38
00000d4e   hwi39
00000d08   hwi4
00000d50   hwi40
00000d52   hwi41
00000d54   hwi42
00000d56   hwi43
00000d58   hwi44
00000d5a   hwi45
00000d5c   hwi46
00000d5e   hwi47
00000d60   hwi48
00000d62   hwi49
00000d0a   hwi5
00000d64   hwi50
00000d66   hwi51
00000d68   hwi52
00000d6a   hwi53
00000d6c   hwi54
00000d6e   hwi55
00000d70   hwi56
00000d72   hwi57
00000d74   hwi58
00000d76   hwi59
00000d0c   hwi6
00000d78   hwi60
00000d7a   hwi61
00000d7c   hwi62
00000d7e   hwi63
00000d80   hwi64
00000d82   hwi65
00000d84   hwi66
00000d86   hwi67
00000d88   hwi68
00000d8a   hwi69
00000d0e   hwi7
00000d8c   hwi70
00000d8e   hwi71
00000d90   hwi72
00000d92   hwi73
00000d94   hwi74
00000d96   hwi75
00000d98   hwi76
00000d9a   hwi77
00000d9c   hwi78
00000d9e   hwi79
00000d10   hwi8
00000da0   hwi80
00000da2   hwi81
00000da4   hwi82
00000da6   hwi83
00000da8   hwi84
00000daa   hwi85
00000dac   hwi86
00000dae   hwi87
00000db0   hwi88
00000db2   hwi89
00000d12   hwi9
00000db4   hwi90
00000db6   hwi91
00000db8   hwi92
00000dba   hwi93
00000dbc   hwi94
00000dbe   hwi95
00000dc0   hwi96
00000dc2   hwi97
00000dc4   hwi98
00000dc6   hwi99
00100c4a   iRTA_F_or
0010275e   pinit


GLOBAL SYMBOLS: SORTED BY Symbol Address 

address    name
--------   ----
00000000   BIOSDATA_O_GBL_PROCID
00000000   BUF$
00000000   CLK_COUNTSPMSHIGH
00000000   CLK_FREERUN
00000000   CLK_PRDHIGH
00000000   CLK_TDDRHIGH
00000000   CLK_TIMERNUM
00000000   DEV$
00000000   DGN$
00000000   DHL$
00000000   DHL_gChannelsAvailable
00000000   DIO$
00000000   DIO_NUMSWIBASE
00000000   DIO_NUMTSKBASE
00000000   DIO_STATIC
00000000   DPI$
00000000   GBL_CALLCSLCFGINIT
00000000   GBL_NULL
00000000   GBL_PROCID
00000000   GBL_ROM
00000000   GBL_SUPPORTCSL
00000000   GBL_USERINIT
00000000   GBL_stackbeg
00000000   GIO$
00000000   HOOK$
00000000   HOOK_KNLID
00000000   HST_DSM
00000000   HST_NONE
00000000   HWI_DLOG$hwi
00000000   HWI_ILLEGAL$hwi
00000000   HWI_INT1$hwi
00000000   HWI_INT10$hwi
00000000   HWI_INT11$hwi
00000000   HWI_INT12$hwi
00000000   HWI_INT13$hwi
00000000   HWI_INT2$hwi
00000000   HWI_INT3$hwi
00000000   HWI_INT4$hwi
00000000   HWI_INT5$hwi
00000000   HWI_INT6$hwi
00000000   HWI_INT7$hwi
00000000   HWI_INT8$hwi
00000000   HWI_INT9$hwi
00000000   HWI_NMI$hwi
00000000   HWI_RESERVED$hwi
00000000   HWI_RESET
00000000   HWI_RESET$hwi
00000000   HWI_RTOS$hwi
00000000   HWI_TINT$hwi
00000000   HWI_USER1$hwi
00000000   HWI_USER10$hwi
00000000   HWI_USER11$hwi
00000000   HWI_USER12$hwi
00000000   HWI_USER2$hwi
00000000   HWI_USER3$hwi
00000000   HWI_USER4$hwi
00000000   HWI_USER5$hwi
00000000   HWI_USER6$hwi
00000000   HWI_USER7$hwi
00000000   HWI_USER8$hwi
00000000   HWI_USER9$hwi
00000000   IDL_CALIBRERROR
00000000   IDL_busyObj$iB
00000000   IDL_busyObj$operation
00000000   KNL_swi$ord
00000000   KNL_swi$pri
00000000   KNL_swi$sts$unittype
00000000   KNL_swi$swi
00000000   LOG_system$datatype
00000000   LOG_system$log
00000000   LOG_trace$log
00000000   MBX$
00000000   MEM_NULL
00000000   MSGQ$
00000000   MSGQ_USEMSGQ
00000000   OBJ$
00000000   PIE_INT10_1$hwi
00000000   PIE_INT10_2$hwi
00000000   PIE_INT10_3$hwi
00000000   PIE_INT10_4$hwi
00000000   PIE_INT10_5$hwi
00000000   PIE_INT10_6$hwi
00000000   PIE_INT10_7$hwi
00000000   PIE_INT10_8$hwi
00000000   PIE_INT11_1$hwi
00000000   PIE_INT11_2$hwi
00000000   PIE_INT11_3$hwi
00000000   PIE_INT11_4$hwi
00000000   PIE_INT11_5$hwi
00000000   PIE_INT11_6$hwi
00000000   PIE_INT11_7$hwi
00000000   PIE_INT11_8$hwi
00000000   PIE_INT12_1$hwi
00000000   PIE_INT12_2$hwi
00000000   PIE_INT12_3$hwi
00000000   PIE_INT12_4$hwi
00000000   PIE_INT12_5$hwi
00000000   PIE_INT12_6$hwi
00000000   PIE_INT12_7$hwi
00000000   PIE_INT12_8$hwi
00000000   PIE_INT1_1$hwi
00000000   PIE_INT1_2$hwi
00000000   PIE_INT1_3$hwi
00000000   PIE_INT1_4$hwi
00000000   PIE_INT1_5$hwi
00000000   PIE_INT1_6$hwi
00000000   PIE_INT1_7$hwi
00000000   PIE_INT1_8$hwi
00000000   PIE_INT2_1$hwi
00000000   PIE_INT2_2$hwi
00000000   PIE_INT2_3$hwi
00000000   PIE_INT2_4$hwi
00000000   PIE_INT2_5$hwi
00000000   PIE_INT2_6$hwi
00000000   PIE_INT2_7$hwi
00000000   PIE_INT2_8$hwi
00000000   PIE_INT3_1$hwi
00000000   PIE_INT3_2$hwi
00000000   PIE_INT3_3$hwi
00000000   PIE_INT3_4$hwi
00000000   PIE_INT3_5$hwi
00000000   PIE_INT3_6$hwi
00000000   PIE_INT3_7$hwi
00000000   PIE_INT3_8$hwi
00000000   PIE_INT4_1$hwi
00000000   PIE_INT4_2$hwi
00000000   PIE_INT4_3$hwi
00000000   PIE_INT4_4$hwi
00000000   PIE_INT4_5$hwi
00000000   PIE_INT4_6$hwi
00000000   PIE_INT4_7$hwi
00000000   PIE_INT4_8$hwi
00000000   PIE_INT5_1$hwi
00000000   PIE_INT5_2$hwi
00000000   PIE_INT5_3$hwi
00000000   PIE_INT5_4$hwi
00000000   PIE_INT5_5$hwi
00000000   PIE_INT5_6$hwi
00000000   PIE_INT5_7$hwi
00000000   PIE_INT5_8$hwi
00000000   PIE_INT6_1$hwi
00000000   PIE_INT6_2$hwi
00000000   PIE_INT6_3$hwi
00000000   PIE_INT6_4$hwi
00000000   PIE_INT6_5$hwi
00000000   PIE_INT6_6$hwi
00000000   PIE_INT6_7$hwi
00000000   PIE_INT6_8$hwi
00000000   PIE_INT7_1$hwi
00000000   PIE_INT7_2$hwi
00000000   PIE_INT7_3$hwi
00000000   PIE_INT7_4$hwi
00000000   PIE_INT7_5$hwi
00000000   PIE_INT7_6$hwi
00000000   PIE_INT7_7$hwi
00000000   PIE_INT7_8$hwi
00000000   PIE_INT8_1$hwi
00000000   PIE_INT8_2$hwi
00000000   PIE_INT8_3$hwi
00000000   PIE_INT8_4$hwi
00000000   PIE_INT8_5$hwi
00000000   PIE_INT8_6$hwi
00000000   PIE_INT8_7$hwi
00000000   PIE_INT8_8$hwi
00000000   PIE_INT9_1$hwi
00000000   PIE_INT9_2$hwi
00000000   PIE_INT9_3$hwi
00000000   PIE_INT9_4$hwi
00000000   PIE_INT9_5$hwi
00000000   PIE_INT9_6$hwi
00000000   PIE_INT9_7$hwi
00000000   PIE_INT9_8$hwi
00000000   PIP$
00000000   PIP_gNextId
00000000   POOL$
00000000   POOL_USEPOOL
00000000   PRD_A_TABLEN
00000000   PRD_SWIHANDLE
00000000   RTA_fromHost$hst
00000000   RTA_fromHost$mode
00000000   RTA_toHost$hst
00000000   RTA_toHost$id
00000000   RTDX_MODE
00000000   RTDX_USERTEXECUTION
00000000   SIO$
00000000   SWI_EHOOKFXN
00000000   SWI_IHOOKFXN
00000000   TSK_NUM_HOOKS
00000000   TSK_READYFXN
00000000   TSK_STACKSEG
00000000   TSK_SWITCHFXN
00000000   TSK_idle$pri
00000000   TSK_idle$sts$unittype
00000000   TSK_idle$tsk
00000000   UDEV$
00000000   _CLK_TIMERNUM
00000000   _HWI_RESET
00000000   _HWI_STKBOTTOM
00000000   _RTDX_interrupt_mask
00000000   __stack
00000001   BUF_ENABLED
00000001   CLK$
00000001   CLK_CALDIV
00000001   CLK_CALMULT
00000001   CLK_HTIMEDIV
00000001   CLK_LTIMEDIV
00000001   CLK_USETIMER
00000001   GBL$
00000001   GBL_ENABLEINST
00000001   GBL_LARGEMODEL
00000001   GBL_MODIFYPLLCR
00000001   GBL_boot
00000001   HST$
00000001   HST_RTDX
00000001   HWI$
00000001   HWI_INT1
00000001   HWI_PIESELECT
00000001   HWI_VMAPSELECT
00000001   IDL$
00000001   IDL_USECLKIDLTIME
00000001   IDL_busyObj$filter
00000001   IDL_busyObj$iA
00000001   IDL_busyObj$iC
00000001   KNL_swi$dorta
00000001   KNL_swi$sts$filtmaxmult
00000001   KNL_swi$sts$filtsummult
00000001   LCK$
00000001   LOG$
00000001   LOG_ENABLED
00000001   LOG_trace$datatype
00000001   MEM$
00000001   MEM_gNumHeap
00000001   PIE$
00000001   PRD$
00000001   QUE$
00000001   RTA_fromHost$id
00000001   RTA_toHost$mode
00000001   RTDX$
00000001   RTDX_USERTDX
00000001   SEM$
00000001   STS$
00000001   SWI$
00000001   SWI_A_TABLEN
00000001   SYS$
00000001   TSK$
00000001   TSK_PRIORITY
00000001   TSK_idle$ord
00000001   TSK_idle$sts$filtmaxmult
00000001   TSK_idle$sts$filtsummult
00000001   _CLK_USETIMER
00000001   _HWI_INT1
00000001   _RTDX_LMM
00000002   BIOSDATA_O_GBL_CLKIN
00000002   CLK_TDDR
00000002   GBL_PLLDIV
00000002   GBL_PLLSTS
00000002   HWI_INT2
00000002   IDL_busyObj$unittype
00000002   KNL_swi$sts$filter
00000002   LOG_A_TABLEN
00000002   PIP_A_TABLEN
00000002   PIP_gNumEmbed
00000002   TSK_idle$sts$filter
00000002   _CLK_TDDR
00000002   _HWI_INT2
00000002   _LOG_A_TABLEN
00000002   _RTDX_JTAGONLY
00000003   CLK_HTIMEMULT
00000003   HWI_INT3
00000003   _HWI_INT3
00000004   BIOSDATA_O_GBL_FREQ
00000004   HWI_INT4
00000004   _HWI_INT4
00000005   HWI_INT5
00000005   _HWI_INT5
00000006   BIOSDATA_O_CLK_HTIMEDIV
00000006   HWI_INT6
00000006   _HWI_INT6
00000007   HWI_INT7
00000007   _HWI_INT7
00000008   BIOSDATA_O_CLK_HTIMEMULT
00000008   HWI_INT8
00000008   RTA_fromHost$framesize
00000008   _HWI_INT8
00000009   HWI_INT9
00000009   _HWI_INT9
0000000a   BIOSDATA_O_CLK_LTIMEDIV
0000000a   GBL_PLLCR
0000000a   HWI_INT10
0000000a   _HWI_INT10
0000000b   HWI_INT11
0000000b   _HWI_INT11
0000000c   BIOSDATA_O_CLK_LTIMEMULT
0000000c   HWI_INT12
0000000c   _HWI_INT12
0000000d   HWI_INT13
0000000d   _HWI_INT13
0000000e   BIOSDATA_O_CLK_D_DIRTY
0000000e   HWI_TINT
0000000e   _HWI_TINT
0000000f   HWI_DLOG
0000000f   _HWI_DLOG
00000010   BIOSDATA_O_CLK_D_PRD
00000010   HWI_RTOS
00000010   _HWI_RTOS
00000011   HWI_RESERVED
00000011   _HWI_RESERVED
00000012   BIOSDATA_O_CLK_D_TDDR
00000012   HWI_NMI
00000012   _HWI_NMI
00000013   HWI_ILLEGAL
00000013   _HWI_ILLEGAL
00000014   BIOSDATA_O_CLK_D_COUNTSPMS
00000014   HWI_USER1
00000014   _HWI_USER1
00000015   HWI_USER2
00000015   _HWI_USER2
00000016   BIOSDATA_O_CLK_D_IDLETIME
00000016   HWI_USER3
00000016   _HWI_USER3
00000017   HWI_USER4
00000017   _HWI_USER4
00000018   BIOSDATA_O_CLK_D_ISRHOOK
00000018   HWI_USER5
00000018   _HWI_USER5
00000019   HWI_USER6
00000019   _HWI_USER6
0000001a   BIOSDATA_O_CLK_D_TABBEG
0000001a   HWI_USER7
0000001a   _HWI_USER7
0000001b   HWI_USER8
0000001b   _HWI_USER8
0000001c   BIOSDATA_O_CLK_D_TIMEFXN
0000001c   GBL_DSPTYPE
0000001c   HWI_USER9
0000001c   _HWI_USER9
0000001d   HWI_USER10
0000001d   _HWI_USER10
0000001e   BIOSDATA_O_CLK_R_TIMH
0000001e   HWI_USER11
0000001e   _HWI_USER11
0000001f   BIOSDATA_O_CLK_R_TIML
0000001f   HWI_USER12
0000001f   _HWI_USER12
00000020   BIOSDATA_O_HST_D_CHANMASK
00000020   PIE_INT1_1
00000020   _PIE_INT1_1
00000021   PIE_INT1_2
00000021   _PIE_INT1_2
00000022   BIOSDATA_O_IDL_D_CALBEG
00000022   CLK_TCR
00000022   PIE_INT1_3
00000022   _CLK_TCR
00000022   _PIE_INT1_3
00000023   PIE_INT1_4
00000023   _PIE_INT1_4
00000024   BIOSDATA_O_IDL_D_CALIBRATE
00000024   PIE_INT1_5
00000024   _PIE_INT1_5
00000025   PIE_INT1_6
00000025   _PIE_INT1_6
00000026   BIOSDATA_O_IDL_D_TABBEG
00000026   PIE_INT1_7
00000026   _PIE_INT1_7
00000027   PIE_INT1_8
00000027   _PIE_INT1_8
00000028   BIOSDATA_O_LOG_D_SYSTEM
00000028   PIE_INT2_1
00000028   _PIE_INT2_1
00000029   PIE_INT2_2
00000029   _PIE_INT2_2
0000002a   BIOSDATA_O_PIP_D_TABBEG
0000002a   PIE_INT2_3
0000002a   _PIE_INT2_3
0000002b   PIE_INT2_4
0000002b   _PIE_INT2_4
0000002c   BIOSDATA_O_PIP_D_TABLEN
0000002c   PIE_INT2_5
0000002c   _PIE_INT2_5
0000002d   PIE_INT2_6
0000002d   _PIE_INT2_6
0000002e   BIOSDATA_O_PRD_D_CUR
0000002e   PIE_INT2_7
0000002e   _PIE_INT2_7
0000002f   PIE_INT2_8
0000002f   _PIE_INT2_8
00000030   BIOSDATA_O_PRD_D_ELAPSED
00000030   PIE_INT3_1
00000030   _PIE_INT3_1
00000031   BIOSDATA_O_PRD_D_PREVTIM
00000031   PIE_INT3_2
00000031   _PIE_INT3_2
00000032   BIOSDATA_O_PRD_D_SCALAR
00000032   PIE_INT3_3
00000032   PIP_OBJSIZE
00000032   _PIE_INT3_3
00000033   PIE_INT3_4
00000033   _PIE_INT3_4
00000034   BIOSDATA_O_PRD_D_SWIHANDLE
00000034   PIE_INT3_5
00000034   _PIE_INT3_5
00000035   PIE_INT3_6
00000035   _PIE_INT3_6
00000036   BIOSDATA_O_PRD_D_TABBEG
00000036   PIE_INT3_7
00000036   _PIE_INT3_7
00000037   PIE_INT3_8
00000037   _PIE_INT3_8
00000038   BIOSDATA_O_PRD_D_TABLEN
00000038   PIE_INT4_1
00000038   _PIE_INT4_1
00000039   PIE_INT4_2
00000039   _PIE_INT4_2
0000003a   BIOSDATA_O_PRD_D_THOOK
0000003a   PIE_INT4_3
0000003a   _PIE_INT4_3
0000003b   PIE_INT4_4
0000003b   _PIE_INT4_4
0000003c   BIOSDATA_O_PRD_D_TICKH
0000003c   PIE_INT4_5
0000003c   _PIE_INT4_5
0000003d   BIOSDATA_O_PRD_D_TICKL
0000003d   PIE_INT4_6
0000003d   _PIE_INT4_6
0000003e   BIOSDATA_O_SWI_D_RUNADDR
0000003e   PIE_INT4_7
0000003e   _PIE_INT4_7
0000003f   PIE_INT4_8
0000003f   _PIE_INT4_8
00000040   BIOSDATA_O_SWI_D_EXECADDR
00000040   HST_MAXFRAMESET
00000040   LOG_system$size
00000040   PIE_INT5_1
00000040   RTA_toHost$framesize
00000040   _PIE_INT5_1
00000041   PIE_INT5_2
00000041   _PIE_INT5_2
00000042   BIOSDATA_O_SWI_D_CURMASK
00000042   GBL_FOOTPRINT
00000042   PIE_INT5_3
00000042   _PIE_INT5_3
00000043   BIOSDATA_O_SWI_D_CURSET
00000043   PIE_INT5_4
00000043   _PIE_INT5_4
00000044   BIOSDATA_O_SWI_D_LOCK
00000044   PIE_INT5_5
00000044   _PIE_INT5_5
00000045   BIOSDATA_O_SWI_D_CURMBOX
00000045   PIE_INT5_6
00000045   _PIE_INT5_6
00000046   BIOSDATA_O_SWI_D_CURFXN
00000046   PIE_INT5_7
00000046   _PIE_INT5_7
00000047   PIE_INT5_8
00000047   _PIE_INT5_8
00000048   BIOSDATA_O_SWI_D_RDYBEG
00000048   PIE_INT6_1
00000048   _PIE_INT6_1
00000049   PIE_INT6_2
00000049   _PIE_INT6_2
0000004a   BIOSDATA_O_SWI_D_RDYTAB
0000004a   PIE_INT6_3
0000004a   _PIE_INT6_3
0000004b   PIE_INT6_4
0000004b   _PIE_INT6_4
0000004c   PIE_INT6_5
0000004c   _PIE_INT6_5
0000004d   PIE_INT6_6
0000004d   _PIE_INT6_6
0000004e   PIE_INT6_7
0000004e   _PIE_INT6_7
0000004f   PIE_INT6_8
0000004f   _PIE_INT6_8
00000050   PIE_INT7_1
00000050   _PIE_INT7_1
00000051   PIE_INT7_2
00000051   _PIE_INT7_2
00000052   PIE_INT7_3
00000052   _PIE_INT7_3
00000053   PIE_INT7_4
00000053   _PIE_INT7_4
00000054   PIE_INT7_5
00000054   _PIE_INT7_5
00000055   PIE_INT7_6
00000055   _PIE_INT7_6
00000056   PIE_INT7_7
00000056   _PIE_INT7_7
00000057   PIE_INT7_8
00000057   _PIE_INT7_8
00000058   PIE_INT8_1
00000058   _PIE_INT8_1
00000059   PIE_INT8_2
00000059   _PIE_INT8_2
0000005a   PIE_INT8_3
0000005a   _PIE_INT8_3
0000005b   PIE_INT8_4
0000005b   _PIE_INT8_4
0000005c   PIE_INT8_5
0000005c   _PIE_INT8_5
0000005d   PIE_INT8_6
0000005d   _PIE_INT8_6
0000005e   PIE_INT8_7
0000005e   _PIE_INT8_7
0000005f   PIE_INT8_8
0000005f   _PIE_INT8_8
00000060   PIE_INT9_1
00000060   _PIE_INT9_1
00000061   PIE_INT9_2
00000061   _PIE_INT9_2
00000062   PIE_INT9_3
00000062   _PIE_INT9_3
00000063   PIE_INT9_4
00000063   _PIE_INT9_4
00000064   PIE_INT9_5
00000064   _PIE_INT9_5
00000065   PIE_INT9_6
00000065   _PIE_INT9_6
00000066   PIE_INT9_7
00000066   _PIE_INT9_7
00000067   PIE_INT9_8
00000067   _PIE_INT9_8
00000068   PIE_INT10_1
00000068   _PIE_INT10_1
00000069   PIE_INT10_2
00000069   _PIE_INT10_2
0000006a   PIE_INT10_3
0000006a   _PIE_INT10_3
0000006b   PIE_INT10_4
0000006b   _PIE_INT10_4
0000006c   PIE_INT10_5
0000006c   _PIE_INT10_5
0000006d   PIE_INT10_6
0000006d   _PIE_INT10_6
0000006e   PIE_INT10_7
0000006e   _PIE_INT10_7
0000006f   PIE_INT10_8
0000006f   _PIE_INT10_8
00000070   PIE_INT11_1
00000070   _PIE_INT11_1
00000071   PIE_INT11_2
00000071   _PIE_INT11_2
00000072   PIE_INT11_3
00000072   _PIE_INT11_3
00000073   PIE_INT11_4
00000073   _PIE_INT11_4
00000074   PIE_INT11_5
00000074   _PIE_INT11_5
00000075   PIE_INT11_6
00000075   _PIE_INT11_6
00000076   PIE_INT11_7
00000076   _PIE_INT11_7
00000077   PIE_INT11_8
00000077   _PIE_INT11_8
00000078   PIE_INT12_1
00000078   _PIE_INT12_1
00000079   PIE_INT12_2
00000079   _PIE_INT12_2
0000007a   PIE_INT12_3
0000007a   _PIE_INT12_3
0000007b   PIE_INT12_4
0000007b   _PIE_INT12_4
0000007c   PIE_INT12_5
0000007c   _PIE_INT12_5
0000007d   PIE_INT12_6
0000007d   _PIE_INT12_6
0000007e   PIE_INT12_7
0000007e   _PIE_INT12_7
0000007f   PIE_INT12_8
0000007f   _PIE_INT12_8
00000080   LOG_trace$size
00000088   BIOSDATA_O_HWI_D_STKBOTTOMADDR
0000008a   BIOSDATA_O_HWI_D_STKTOPADDR
0000008d   BIOSDATA_O_MEM_D_NUMSEGMENTS
0000008e   BIOSDATA_O_MEM_D_MEMTAB
00000090   BIOSDATA_O_MEM_D_FREELIST
00000092   BIOSDATA_O_MEM_D_LOCKADDR
00000094   BIOSDATA_O_MEM_D_UNLOCKADDR
00000096   BIOSDATA_O_SYS
000000ff   HST_MAXFRAMEALLOWED
00000100   TSK_STACKSIZE
00000100   _hwi_vec_loadsize
00000102   RTDX_BUFMEMSIZE
000001ff   GBL_stackend
00000200   _HWI_STKTOP
00000200   __STACK_END
00000200   __STACK_SIZE
000003e8   CLK_MICROSECS
00000400   HST_DSMMEMSIZE
00000800   SRAM$L
00000800   _SRAM_length
00000880   _DevEmuRegs
00000a80   _FlashRegs
00000ae0   _CsmRegs
00000b00   _AdcMirror
00000b20   _XintfRegs
00000c00   _CpuTimer0Regs
00000c08   _CpuTimer1Regs
00000c10   CLK_REGS
00000c10   _CLK_REGS
00000c10   _CpuTimer2Regs
00000ce0   _PieCtrlRegs
00000d00   _hwi_vec_loadstart
00000d00   _hwi_vec_runstart
00000d00   hwi0
00000d02   hwi1
00000d04   hwi2
00000d06   hwi3
00000d08   hwi4
00000d0a   hwi5
00000d0c   hwi6
00000d0e   hwi7
00000d10   hwi8
00000d12   hwi9
00000d14   hwi10
00000d16   hwi11
00000d18   hwi12
00000d1a   hwi13
00000d1c   hwi14
00000d1e   hwi15
00000d20   hwi16
00000d22   hwi17
00000d24   hwi18
00000d26   hwi19
00000d28   hwi20
00000d2a   hwi21
00000d2c   hwi22
00000d2e   hwi23
00000d30   hwi24
00000d32   hwi25
00000d34   hwi26
00000d36   hwi27
00000d38   hwi28
00000d3a   hwi29
00000d3c   hwi30
00000d3e   hwi31
00000d40   hwi32
00000d42   hwi33
00000d44   hwi34
00000d46   hwi35
00000d48   hwi36
00000d4a   hwi37
00000d4c   hwi38
00000d4e   hwi39
00000d50   hwi40
00000d52   hwi41
00000d54   hwi42
00000d56   hwi43
00000d58   hwi44
00000d5a   hwi45
00000d5c   hwi46
00000d5e   hwi47
00000d60   hwi48
00000d62   hwi49
00000d64   hwi50
00000d66   hwi51
00000d68   hwi52
00000d6a   hwi53
00000d6c   hwi54
00000d6e   hwi55
00000d70   hwi56
00000d72   hwi57
00000d74   hwi58
00000d76   hwi59
00000d78   hwi60
00000d7a   hwi61
00000d7c   hwi62
00000d7e   hwi63
00000d80   hwi64
00000d82   hwi65
00000d84   hwi66
00000d86   hwi67
00000d88   hwi68
00000d8a   hwi69
00000d8c   hwi70
00000d8e   hwi71
00000d90   hwi72
00000d92   hwi73
00000d94   hwi74
00000d96   hwi75
00000d98   hwi76
00000d9a   hwi77
00000d9c   hwi78
00000d9e   hwi79
00000da0   hwi80
00000da2   hwi81
00000da4   hwi82
00000da6   hwi83
00000da8   hwi84
00000daa   hwi85
00000dac   hwi86
00000dae   hwi87
00000db0   hwi88
00000db2   hwi89
00000db4   hwi90
00000db6   hwi91
00000db8   hwi92
00000dba   hwi93
00000dbc   hwi94
00000dbe   hwi95
00000dc0   hwi96
00000dc2   hwi97
00000dc4   hwi98
00000dc6   hwi99
00000dc8   hwi100
00000dca   hwi101
00000dcc   hwi102
00000dce   hwi103
00000dd0   hwi104
00000dd2   hwi105
00000dd4   hwi106
00000dd6   hwi107
00000dd8   hwi108
00000dda   hwi109
00000ddc   hwi110
00000dde   hwi111
00000de0   hwi112
00000de2   hwi113
00000de4   hwi114
00000de6   hwi115
00000de8   hwi116
00000dea   hwi117
00000dec   hwi118
00000dee   hwi119
00000df0   hwi120
00000df2   hwi121
00000df4   hwi122
00000df6   hwi123
00000df8   hwi124
00000dfa   hwi125
00000dfc   hwi126
00000dfe   hwi127
00000e00   _hwi_vec_loadend
00001000   _DmaRegs
00004000   PRD_SCALAR
00004000   TRC_GBLTARG
00004e20   GBL_CLKIN
00005000   _McbspaRegs
00005040   _McbspbRegs
00005205   GBL_A_VERSION
00006000   _ECanaRegs
00006040   _ECanaLAMRegs
00006080   _ECanaMOTSRegs
000060c0   _ECanaMOTORegs
00006100   _ECanaMboxes
00006200   _ECanbRegs
00006240   _ECanbLAMRegs
00006280   _ECanbMOTSRegs
000062c0   _ECanbMOTORegs
00006300   _ECanbMboxes
00006800   _EPwm1Regs
00006840   _EPwm2Regs
00006880   _EPwm3Regs
000068c0   _EPwm4Regs
00006900   _EPwm5Regs
00006940   _EPwm6Regs
00006a00   _ECap1Regs
00006a20   _ECap2Regs
00006a40   _ECap3Regs
00006a60   _ECap4Regs
00006a80   _ECap5Regs
00006aa0   _ECap6Regs
00006b00   _EQep1Regs
00006b40   _EQep2Regs
00006e8c   GBL_DSPSUBTYPE
00006f80   _GpioCtrlRegs
00006fc0   _GpioDataRegs
00006fe0   _GpioIntRegs
00007010   _SysCtrlRegs
00007040   _SpiaRegs
00007050   _SciaRegs
00007070   _XIntruptRegs
00007100   _AdcRegs
00007750   _ScibRegs
00007770   _ScicRegs
00007900   _I2caRegs
00008000   _InitFlash
0000801b   _DSP28x_usDelay
0000801f   code_start
0000c000   PRD_A_TABBEG
0000c000   PRD_A_TABEND
0000c000   _SYS_PUTCBEG
0000c1ff   _SYS_PUTCEND
0000c200   _RTDX_Buffer
0000c302   _RTDX_writing
0000c304   _rtdx_buffer_state
0000c312   _rtdx_mon_state
0000c320   _RTDX_Buffer_End
0000c322   _RTDX_Buffer_Start
0000c324   TSK_idle$stack
0000c324   TSK_idle$stkptr
0000c34f   CLK_PRD
0000c34f   _CLK_PRD
0000c350   CLK_COUNTSPMS
0000c350   CLK_HTIMEPERLTIME
0000c350   _CLK_COUNTSPMS
0000c424   KNL_swi$sts$stsobj
0000c424   STS_A_TABBEG
0000c424   _STS_A_TABBEG
0000c426   KNL_swi$sts
0000c42c   TSK_idle$sts$stsobj
0000c42e   TSK_idle$sts
0000c434   IDL_busyObj$stsobj
0000c436   IDL_busyObj
0000c436   _IDL_busyObj
0000c43c   CLK_A_TABBEG
0000c43c   PRD_clock
0000c43c   STS_A_TABEND
0000c43c   _PRD_clock
0000c43c   _STS_A_TABEND
0000c43e   CLK_NULL
0000c440   PIP_A_TABBEG
0000c440   RTA_fromHost$pipe
0000c440   _PIP_A_TABBEG
0000c442   RTA_fromHost$pipe$rd
0000c444   RTA_fromHost$pipe$rdaddr
0000c446   RTA_fromHost$pipe$rdsize
0000c448   RTA_fromHost$pipe$rdcurdesc
0000c458   RTA_fromHost$pipe$rdstshdl
0000c45a   RTA_fromHost$pipe$wr
0000c45c   RTA_fromHost$pipe$wraddr
0000c45e   RTA_fromHost$pipe$wrsize
0000c460   RTA_fromHost$pipe$wrcurdesc
0000c470   RTA_fromHost$pipe$wrstshdl
0000c480   RTA_toHost$pipe
0000c482   RTA_toHost$pipe$rd
0000c484   RTA_toHost$pipe$rdaddr
0000c486   RTA_toHost$pipe$rdsize
0000c488   RTA_toHost$pipe$rdcurdesc
0000c498   RTA_toHost$pipe$rdstshdl
0000c49a   RTA_toHost$pipe$wr
0000c49c   RTA_toHost$pipe$wraddr
0000c49e   RTA_toHost$pipe$wrsize
0000c4a0   RTA_toHost$pipe$wrcurdesc
0000c4b0   RTA_toHost$pipe$wrstshdl
0000c4c0   LOG_system$buf
0000c4c0   PIP_A_TABEND
0000c4c0   _PIP_A_TABEND
0000c500   RTA_toHost$buf
0000c546   SEM_net
0000c546   _SEM_net
0000c55c   SEM_can
0000c55c   _SEM_can
0000c56c   LOG_A_TABBEG
0000c56c   LOG_system
0000c56c   _LOG_A_TABBEG
0000c56c   _LOG_system
0000c576   LOG_trace
0000c576   _LOG_trace
0000c580   LOG_A_TABEND
0000c580   TSK_idle$obj
0000c580   _LOG_A_TABEND
0000c586   TSK_idle
0000c586   _TSK_idle
0000c5ac   HST_A_TABBEG
0000c5ac   _HST_A_TABBEG
0000c5ae   RTA_fromHost
0000c5ae   _RTA_fromHost
0000c5b2   RTA_fromHost$rtdx
0000c5bc   RTA_toHost
0000c5bc   _RTA_toHost
0000c5c0   RTA_toHost$rtdx
0000c5ca   HST_A_TABEND
0000c5ca   KNL_swi
0000c5ca   SWI_A_TABBEG
0000c5ca   _HST_A_TABEND
0000c5ca   _KNL_swi
0000c5de   SWI_A_TABEND
0000c5e0   RTA_fromHost$buf
0000c5e8   IDL_A_TABBEG
0000c5e8   IDL_cpuLoad
0000c5e8   _IDL_cpuLoad
0000c5ea   LNK_dataPump
0000c5ea   _LNK_dataPump
0000c5ec   RTA_dispatcher
0000c5ec   _RTA_dispatcher
0000c5ee   IDL_END
0000c5f0   IDL_A_CALBEG
0000c5f0   IDL_cpuLoad$
0000c5f2   LNK_dataPump$
0000c5f4   RTA_dispatcher$
0000c5f6   IDL_END$
0000dbef   GBL_TRCMASKVALUE
00020000   GBL_PLLWAITCYCLE
000249f0   CLK_LTIMEMULT
000249f0   GBL_FREQ
00100000   .bss
00100000   .data
00100000   SWI_F_enable
00100000   _SWI_enable
00100000   ___bss__
00100000   ___data__
00100000   ___edata__
00100000   ___end__
00100000   edata
00100000   end
00100014   SWI_F_post
00100014   _SWI_post
0010004b   SWI_F_exec_sync
0010006f   SWI_EXECFXN
0010006f   SWI_F_exec
001000bc   SWI_F_run
001000bc   SWI_RUNFXN
0010017d   LNK_F_init
0010017e   LNK_F_checkChanEnabled
00100185   LNK_F_getNextChan
0010018e   LNK_F_getChanPtr
001001a5   LNK_F_dataPump
001001a5   LNK_rcloop
001001c5   LNK_rdrtry
001001c9   LNK_rrloop
001001f6   LNK_wrrtry
001001fa   LNK_wrloop
00100236   LNK_newin
0010027c   LNK_newout
001002d0   LNK_F_readCallBack
001002d0   _LNK_F_readCallBack
001002db   _HWI_F_dispIsrPie
001002e2   HWI_F_dispatch
001002e2   _HWI_F_dispatch
00100385   _HWI_F_dispIsr0
00100388   _HWI_F_dispIsr1
00100404   CLK_F_run
00100404   CLK_HOOKFXN
00100404   __CLK_hwienter
001004a2   RTDX_F_isr
0010053e   PRD_F_swi
001005ad   PRD_F_tick
001005d5   RTA_F_getlog
001005f4   RTA_F_getsts
00100612   RTA_F_readblk
0010061b   RTA_F_writeword
0010061d   RTA_F_resetmem
0010062c   RTA_F_dispatch
0010066c   _SEM_pendEnterKnl
001006ff   _KNL_run
001007fe   _TSK_setup
0010086b   _TSK_exit
001008ce   __SEM_dopost
00100931   PIP_F_take
0010094a   PIP_F_probe
0010094b   PIP_F_give
00100974   PIP_F_start
00100991   _KNL_switch
001009ae   KNL_glue
001009b8   KNL_tick_stub
001009b8   PRD_THOOKFXN
001009bf   _KNL_saveIsrFrame
001009d2   CLK_F_getfhtime
001009da   CLK_F_gethtime
001009da   CLK_F_getshtime
001009da   CLK_TIMEFXN
001009fb   CLK_F_getltime
001009fb   _CLK_getltime
001009ff   CLK_F_itime
001009ff   _CLK_itime
00100a07   _SEM_post
00100a07   _SEM_postBinary
00100a3b   _KNL_check
00100a5c   _KNL_idle
00100a65   _KNL_max
00100a6e   IDL_F_calibrate
00100aa0   _TSK_startup
00100ac8   CLK_F_isr
00100af0   _SEM_postEnterKnl
00100b13   _KNL_ipost
00100b35   _SYS_exit
00100b56   STS_F_delta
00100b56   _STS_delta
00100b62   STS_F_add
00100b62   _STS_add
00100b6b   _STS_set
00100b6e   STS_F_reset
00100b6e   _STS_reset
00100b76   _KNL_enter
00100bb4   _SEM_pend
00100bd3   LOG_F_event
00100bf1   _LCK_pend
00100c0d   IDL_F_busy
00100c19   IDL_F_init
00100c27   _KNL_post
00100c3d   RTA_F_andn
00100c44   RTA_F_or
00100c4a   iRTA_F_or
00100c51   FXN_F_nop
00100c52   FXN_F_run
00100c60   FXN_F_zero
00100c62   FXN_F_selfLoop
00100c63   SYS_ABORTFXN
00100c63   _UTL_doAbort
00100c73   SYS_ERRORFXN
00100c73   _UTL_doError
00100c83   _LCK_post
00100c91   _KNL_exit
00100c9d   SYS_PUTCFXN
00100c9d   _UTL_doPutc
00100ca9   _HWI_disable
00100cad   _HWI_enable
00100caf   _HWI_restore
00100cb3   _SYS_abort
00100cbc   IDL_CALIBRFXN
00100cbc   IDL_F_stub
00100cc5   IDL_F_loop
00100cc5   _IDL_F_loop
00100ccb   _KNL_tick
00100cd5   _LOG_event
00100cda   SYS_EXITFXN
00100cda   _UTL_halt
00100cdd   _GBL_getVersion
00100ce0   GBL_USERINITFXN
00100ce0   GBL_USERLIMPMODEABORTFXN
00100ce0   GIO_CREATEFXN
00100ce0   GIO_DELETEFXN
00100ce0   GIO_PENDFXN
00100ce0   GIO_POSTFXN
00100ce0   TSK_VCREATEFXN
00100ce0   TSK_VDELETEFXN
00100ce0   TSK_VEXITFXN
00100ce0   _FXN_F_nop
00100ce1   SRAM$B
00100ce1   _SRAM_base
001014e1   ___cinit__
001014e1   cinit
00101a4d   _RTDX_Buffer_WriteCB
00101aea   _RTDX_Poll
00101bc5   _RTDX_Mon_Queue
00101bfc   _RTDX_Init_RT_Monitor
00101c2c   _RTDX_Buffer_Initialize
00101c43   _RTDX_Buffer_ReadCB
00101c57   _RTDX_Final_RT_Monitor
00101c64   _RTDX_Buffer_Size
00101c79   _RTDX_Buffer_Read
00101c82   _RTDX_Buffer_Write
00101c92   _HWI_dispatchTab
00101f92   _HWI_D_intrNum
00101f93   .text
00101f93   _XINTF_init
00101f93   ___text__
00101fe8   _XINTF_init16Gpio
0010203e   _InitSysCtrl
00102047   _ServiceDog
00102051   _DisableDog
00102059   _EnableDog
00102061   _InitPll
001020af   _InitPeripheralClocks
001020cf   _main
001020f9   _InitPieCtrl
00102118   _EnableInterrupts
00102121   _call_dtors
0010213b   ___add_dtor
00102148   _atexit
0010216e   ___memcpy_ff
001021ae   C$$EXIT
001021ae   _abort
001021b0   _exit
001021c7   _RTDX_Mask_IER
001021d0   __register_unlock
001021d4   __register_lock
001021d8   __nop
001021e1   _RTDX_Set_IER
001021ec   _SYS_exitStackPtr
001021ec   ___etext__
001021ec   etext
001021ee   _SYS_exitStackTop
001021f0   _SYS_exitStack
00102201   ___atexit_func_id__
00102300   _KNL_curtime
00102301   _KNL_wFlag
00102302   _KNL_set
00102304   _KNL_maxqueue
00102306   _KNL_swiptr
00102308   _KNL_curqueue
0010230a   _KNL_treadyfxn
0010230c   _KNL_idlefxn
0010230e   _KNL_tcreatefxn
00102310   _KNL_tdeletefxn
00102312   _KNL_tswitchfxn
00102314   _KNL_setpri
00102316   _KNL_inactive
00102318   _KNL_wList
0010231a   _KNL_alarm
0010231c   _KNL_curtask
0010231e   _KNL_prevtask
00102320   _KNL_priority
00102322   _KNL_dummy
00102340   _KNL_queues
00102390   __TSK_mutex
001023a4   __MEM_mutex
001023c0   _MEM_memtab
001023c6   __HOOK_knlId
001023c7   MEM_MALLOCSEG
001023c7   MEM_SEGZERO
001023c7   SRAM
001023c7   _SRAM
001023c8   RTA_fromHost$pipe$dtab
001023d0   RTA_toHost$pipe$dtab
001023d6   _OBJ_table
001023f2   TSK_config
00102400   _TSK
00102402   __HOOK_NUMHOOKS
00102404   _TSK_pid
00102405   _TSK_nTasks
00102406   _TSK_ATTRS
00102414   _TSK_timerSem
0010242a   _rtdxNullChanCnt
0010242b   _rtdxNullFuncCnt
00102430   _CLK_D_microseconds
00102432   _CLK_DFLTMICROSECS
00102434   __unlock
00102436   __lock
00102438   __cleanup_ptr
0010243a   __dtors_ptr
0010243c   _CLK_htimePerLtime
0010243e   _dtors
00102440   _MEM
00102442   BIOS_init
00102442   _BIOS_init
001024c7   BIOS_start
001024c7   _BIOS_start
00102501   _c_int00
0010255f   _MEM_init
001025ad   _TSK_init
001025d0   C28_BIOSDATAOBJ
001025d0   _GBL_procId
001025d2   _GBL_clkIn
001025d4   _GBL_freq
001025d6   _CLK_htimeDiv
001025d8   _CLK_htimeMult
001025da   _CLK_ltimeDiv
001025dc   _CLK_ltimeMult
001025de   _CLK_D_dirty
001025e0   _CLK_D_prd
001025e2   _CLK_D_tddr
001025e4   _CLK_D_countspms
001025e6   CLK_D_idletime
001025e8   CLK_D_isrhook
001025ea   CLK_D_tabbeg
001025ec   CLK_D_timefxn
001025ee   CLK_R_timh
001025ef   CLK_R_timl
001025f0   HST_D_chanmask
001025f2   IDL_D_calbeg
001025f4   IDL_D_calibrate
001025f6   IDL_D_tabbeg
001025f8   LOG_D_system
001025f8   _LOG_D_system
001025fa   PIP_D_tabbeg
001025fc   PIP_D_tablen
001025fe   PRD_D_cur
00102600   PRD_D_elapsed
00102601   PRD_D_prevtim
00102602   PRD_D_scalar
00102604   PRD_D_swihandle
00102606   PRD_D_tabbeg
00102608   PRD_D_tablen
0010260a   PRD_D_thook
0010260c   PRD_D_tickh
0010260d   PRD_D_tickl
0010260d   _PRD_D_tick
0010260e   SWI_D_runaddr
0010260e   _SWI_data
00102610   SWI_D_execaddr
00102612   SWI_D_curmask
00102612   _SWI_D_curmask
00102613   SWI_D_curset
00102614   SWI_D_lock
00102614   _SWI_D_lock
00102615   SWI_D_curmbox
00102616   SWI_D_curfxn
00102616   _SWI_D_curfxn
00102618   SWI_D_rdybeg
00102618   _SWI_D_rdybeg
0010261a   SWI_D_rdytab
00102656   SWI_D_inswi
00102656   _SWI_D_inswi
00102657   HWI_D_spsave
00102657   _HWI_D_spsave
00102657   _HWI_data
00102658   HWI_D_stkbottomaddr
0010265a   HWI_D_stktopaddr
0010265c   HWI_D_inhwi
0010265c   _HWI_D_inhwi
0010265d   _MEM_D_NUMSEGMENTS
0010265e   _MEM_D_memtab
00102660   _MEM_D_freelist
00102662   _MEM_D_lockaddr
00102664   _MEM_D_unlockaddr
00102666   _SYS
00102668   HST_D_tabbegaddr
0010266a   HST_D_tabendaddr
0010266c   RTDX_D_BufRead
0010266e   RTDX_D_BufWrite
00102670   RTDX_D_Poll
00102672   RTA_D_fromHost
00102674   RTA_D_toHost
00102676   RTA_D_logval
00102680   RTA_D_stsval
00102688   LNKCTRL
00102688   LNK_D_fromHostMask
00102689   LNK_D_dataReadyMask
0010268a   LNK_D_readPend
0010268b   LNK_D_readDone
0010268c   LNK_D_readFail
0010268d   LNK_D_writeFail
0010268e   IDL_D_busyObj
00102726   _DataLogDMAId
00102728   _DataLogDMACtl
0010272a   _DataLogDMAHigh
0010272e   _DataLogDMALow
00102732   _MsgBaseHigh
00102734   _MsgBaseLow
00102736   _StatBase
0010273d   KNL_swi$sts$maxfmt
00102745   KNL_swi$sts$sumfmt
0010274d   KNL_swi$sts$avgfmt
00102756   SYS$config
00102757   TSK_idle$sts$maxfmt
0010275e   ___pinit__
0010275e   pinit
0010275f   TSK_idle$sts$sumfmt
00102767   TSK_idle$sts$avgfmt
00102768   TRC_cinit
00102769   TRC_R_mask
00102769   _TRC_R_mask
0010276a   GBL_initdone
00102771   IDL_busyObj$maxfmt
00102774   IDL_busyObj$sumfmt
00102777   IDL_busyObj$avgfmt
00102780   LOG_trace$buf
0033fff8   _CsmPwl
00380090   _PartIdRegs
ffffffff   BOOTROM
ffffffff   FLASH
ffffffff   HST_DSMBUFSEG
ffffffff   L03SARAM
ffffffff   L47SARAM
ffffffff   L7SARAM
ffffffff   MSARAM
ffffffff   OTP
ffffffff   PIEVECT
ffffffff   RTDX_DATAMEMSEG
ffffffff   _BOOTROM
ffffffff   _FLASH
ffffffff   _L03SARAM
ffffffff   _L47SARAM
ffffffff   _L7SARAM
ffffffff   _MSARAM
ffffffff   _OTP
ffffffff   _PIEVECT
ffffffff   ___binit__
ffffffff   ___c_args__
ffffffff   binit

[1251 symbols]
